TimeQuest Timing Analyzer report for tx_baud_counter
Fri Nov 17 22:38:32 2023
Quartus II 64-Bit Version 13.0.1 Build 232 06/12/2013 Service Pack 1 SJ Web Edition


---------------------
; Table of Contents ;
---------------------
  1. Legal Notice
  2. TimeQuest Timing Analyzer Summary
  3. Parallel Compilation
  4. Clocks
  5. Slow Model Fmax Summary
  6. Slow Model Setup Summary
  7. Slow Model Hold Summary
  8. Slow Model Recovery Summary
  9. Slow Model Removal Summary
 10. Slow Model Minimum Pulse Width Summary
 11. Slow Model Setup: 'clk'
 12. Slow Model Hold: 'clk'
 13. Slow Model Minimum Pulse Width: 'clk'
 14. Setup Times
 15. Hold Times
 16. Clock to Output Times
 17. Minimum Clock to Output Times
 18. Fast Model Setup Summary
 19. Fast Model Hold Summary
 20. Fast Model Recovery Summary
 21. Fast Model Removal Summary
 22. Fast Model Minimum Pulse Width Summary
 23. Fast Model Setup: 'clk'
 24. Fast Model Hold: 'clk'
 25. Fast Model Minimum Pulse Width: 'clk'
 26. Setup Times
 27. Hold Times
 28. Clock to Output Times
 29. Minimum Clock to Output Times
 30. Multicorner Timing Analysis Summary
 31. Setup Times
 32. Hold Times
 33. Clock to Output Times
 34. Minimum Clock to Output Times
 35. Setup Transfers
 36. Hold Transfers
 37. Report TCCS
 38. Report RSKM
 39. Unconstrained Paths
 40. TimeQuest Timing Analyzer Messages



----------------
; Legal Notice ;
----------------
Copyright (C) 1991-2013 Altera Corporation
Your use of Altera Corporation's design tools, logic functions 
and other software and tools, and its AMPP partner logic 
functions, and any output files from any of the foregoing 
(including device programming or simulation files), and any 
associated documentation or information are expressly subject 
to the terms and conditions of the Altera Program License 
Subscription Agreement, Altera MegaCore Function License 
Agreement, or other applicable license agreement, including, 
without limitation, that your use is for the sole purpose of 
programming logic devices manufactured by Altera and sold by 
Altera or its authorized distributors.  Please refer to the 
applicable agreement for further details.



+----------------------------------------------------------------------------------------+
; TimeQuest Timing Analyzer Summary                                                      ;
+--------------------+-------------------------------------------------------------------+
; Quartus II Version ; Version 13.0.1 Build 232 06/12/2013 Service Pack 1 SJ Web Edition ;
; Revision Name      ; tx_baud_counter                                                   ;
; Device Family      ; Cyclone II                                                        ;
; Device Name        ; EP2C35F672C6                                                      ;
; Timing Models      ; Final                                                             ;
; Delay Model        ; Combined                                                          ;
; Rise/Fall Delays   ; Unavailable                                                       ;
+--------------------+-------------------------------------------------------------------+


Parallel compilation was disabled, but you have multiple processors available. Enable parallel compilation to reduce compilation time.
+-------------------------------------+
; Parallel Compilation                ;
+----------------------------+--------+
; Processors                 ; Number ;
+----------------------------+--------+
; Number detected on machine ; 4      ;
; Maximum allowed            ; 1      ;
+----------------------------+--------+


+---------------------------------------------------------------------------------------------------------------------------------------------------------------------------------+
; Clocks                                                                                                                                                                          ;
+------------+------+--------+------------+-------+-------+------------+-----------+-------------+-------+--------+-----------+------------+----------+--------+--------+---------+
; Clock Name ; Type ; Period ; Frequency  ; Rise  ; Fall  ; Duty Cycle ; Divide by ; Multiply by ; Phase ; Offset ; Edge List ; Edge Shift ; Inverted ; Master ; Source ; Targets ;
+------------+------+--------+------------+-------+-------+------------+-----------+-------------+-------+--------+-----------+------------+----------+--------+--------+---------+
; clk        ; Base ; 1.000  ; 1000.0 MHz ; 0.000 ; 0.500 ;            ;           ;             ;       ;        ;           ;            ;          ;        ;        ; { clk } ;
+------------+------+--------+------------+-------+-------+------------+-----------+-------------+-------+--------+-----------+------------+----------+--------+--------+---------+


+-----------------------------------------------------------------------------------------------------------+
; Slow Model Fmax Summary                                                                                   ;
+------------+-----------------+------------+---------------------------------------------------------------+
; Fmax       ; Restricted Fmax ; Clock Name ; Note                                                          ;
+------------+-----------------+------------+---------------------------------------------------------------+
; 421.76 MHz ; 420.17 MHz      ; clk        ; limit due to minimum period restriction (max I/O toggle rate) ;
+------------+-----------------+------------+---------------------------------------------------------------+
This panel reports FMAX for every clock in the design, regardless of the user-specified clock periods.  FMAX is only computed for paths where the source and destination registers or ports are driven by the same clock.  Paths of different clocks, including generated clocks, are ignored.  For paths between a clock and its inversion, FMAX is computed as if the rising and falling edges are scaled along with FMAX, such that the duty cycle (in terms of a percentage) is maintained. Altera recommends that you always use clock constraints and other slack reports for sign-off analysis.


+--------------------------------+
; Slow Model Setup Summary       ;
+-------+--------+---------------+
; Clock ; Slack  ; End Point TNS ;
+-------+--------+---------------+
; clk   ; -1.371 ; -15.081       ;
+-------+--------+---------------+


+-------------------------------+
; Slow Model Hold Summary       ;
+-------+-------+---------------+
; Clock ; Slack ; End Point TNS ;
+-------+-------+---------------+
; clk   ; 0.537 ; 0.000         ;
+-------+-------+---------------+


-------------------------------
; Slow Model Recovery Summary ;
-------------------------------
No paths to report.


------------------------------
; Slow Model Removal Summary ;
------------------------------
No paths to report.


+----------------------------------------+
; Slow Model Minimum Pulse Width Summary ;
+-------+--------+-----------------------+
; Clock ; Slack  ; End Point TNS         ;
+-------+--------+-----------------------+
; clk   ; -1.380 ; -12.380               ;
+-------+--------+-----------------------+


+----------------------------------------------------------------------------------------------------------------------------+
; Slow Model Setup: 'clk'                                                                                                    ;
+--------+----------------------+----------------------+--------------+-------------+--------------+------------+------------+
; Slack  ; From Node            ; To Node              ; Launch Clock ; Latch Clock ; Relationship ; Clock Skew ; Data Delay ;
+--------+----------------------+----------------------+--------------+-------------+--------------+------------+------------+
; -1.371 ; baud_output[10]~reg0 ; baud_output[1]~reg0  ; clk          ; clk         ; 1.000        ; 0.000      ; 2.407      ;
; -1.371 ; baud_output[10]~reg0 ; baud_output[2]~reg0  ; clk          ; clk         ; 1.000        ; 0.000      ; 2.407      ;
; -1.371 ; baud_output[10]~reg0 ; baud_output[3]~reg0  ; clk          ; clk         ; 1.000        ; 0.000      ; 2.407      ;
; -1.371 ; baud_output[10]~reg0 ; baud_output[4]~reg0  ; clk          ; clk         ; 1.000        ; 0.000      ; 2.407      ;
; -1.371 ; baud_output[10]~reg0 ; baud_output[5]~reg0  ; clk          ; clk         ; 1.000        ; 0.000      ; 2.407      ;
; -1.371 ; baud_output[10]~reg0 ; baud_output[6]~reg0  ; clk          ; clk         ; 1.000        ; 0.000      ; 2.407      ;
; -1.371 ; baud_output[10]~reg0 ; baud_output[7]~reg0  ; clk          ; clk         ; 1.000        ; 0.000      ; 2.407      ;
; -1.371 ; baud_output[10]~reg0 ; baud_output[8]~reg0  ; clk          ; clk         ; 1.000        ; 0.000      ; 2.407      ;
; -1.371 ; baud_output[10]~reg0 ; baud_output[9]~reg0  ; clk          ; clk         ; 1.000        ; 0.000      ; 2.407      ;
; -1.371 ; baud_output[10]~reg0 ; baud_output[10]~reg0 ; clk          ; clk         ; 1.000        ; 0.000      ; 2.407      ;
; -1.371 ; baud_output[10]~reg0 ; baud_output[0]~reg0  ; clk          ; clk         ; 1.000        ; 0.000      ; 2.407      ;
; -1.286 ; baud_output[1]~reg0  ; baud_output[1]~reg0  ; clk          ; clk         ; 1.000        ; 0.000      ; 2.322      ;
; -1.286 ; baud_output[1]~reg0  ; baud_output[2]~reg0  ; clk          ; clk         ; 1.000        ; 0.000      ; 2.322      ;
; -1.286 ; baud_output[1]~reg0  ; baud_output[3]~reg0  ; clk          ; clk         ; 1.000        ; 0.000      ; 2.322      ;
; -1.286 ; baud_output[1]~reg0  ; baud_output[4]~reg0  ; clk          ; clk         ; 1.000        ; 0.000      ; 2.322      ;
; -1.286 ; baud_output[1]~reg0  ; baud_output[5]~reg0  ; clk          ; clk         ; 1.000        ; 0.000      ; 2.322      ;
; -1.286 ; baud_output[1]~reg0  ; baud_output[6]~reg0  ; clk          ; clk         ; 1.000        ; 0.000      ; 2.322      ;
; -1.286 ; baud_output[1]~reg0  ; baud_output[7]~reg0  ; clk          ; clk         ; 1.000        ; 0.000      ; 2.322      ;
; -1.286 ; baud_output[1]~reg0  ; baud_output[8]~reg0  ; clk          ; clk         ; 1.000        ; 0.000      ; 2.322      ;
; -1.286 ; baud_output[1]~reg0  ; baud_output[9]~reg0  ; clk          ; clk         ; 1.000        ; 0.000      ; 2.322      ;
; -1.286 ; baud_output[1]~reg0  ; baud_output[10]~reg0 ; clk          ; clk         ; 1.000        ; 0.000      ; 2.322      ;
; -1.286 ; baud_output[1]~reg0  ; baud_output[0]~reg0  ; clk          ; clk         ; 1.000        ; 0.000      ; 2.322      ;
; -1.254 ; baud_output[0]~reg0  ; baud_output[1]~reg0  ; clk          ; clk         ; 1.000        ; 0.000      ; 2.290      ;
; -1.254 ; baud_output[0]~reg0  ; baud_output[2]~reg0  ; clk          ; clk         ; 1.000        ; 0.000      ; 2.290      ;
; -1.254 ; baud_output[0]~reg0  ; baud_output[3]~reg0  ; clk          ; clk         ; 1.000        ; 0.000      ; 2.290      ;
; -1.254 ; baud_output[0]~reg0  ; baud_output[4]~reg0  ; clk          ; clk         ; 1.000        ; 0.000      ; 2.290      ;
; -1.254 ; baud_output[0]~reg0  ; baud_output[5]~reg0  ; clk          ; clk         ; 1.000        ; 0.000      ; 2.290      ;
; -1.254 ; baud_output[0]~reg0  ; baud_output[6]~reg0  ; clk          ; clk         ; 1.000        ; 0.000      ; 2.290      ;
; -1.254 ; baud_output[0]~reg0  ; baud_output[7]~reg0  ; clk          ; clk         ; 1.000        ; 0.000      ; 2.290      ;
; -1.254 ; baud_output[0]~reg0  ; baud_output[8]~reg0  ; clk          ; clk         ; 1.000        ; 0.000      ; 2.290      ;
; -1.254 ; baud_output[0]~reg0  ; baud_output[9]~reg0  ; clk          ; clk         ; 1.000        ; 0.000      ; 2.290      ;
; -1.254 ; baud_output[0]~reg0  ; baud_output[10]~reg0 ; clk          ; clk         ; 1.000        ; 0.000      ; 2.290      ;
; -1.254 ; baud_output[0]~reg0  ; baud_output[0]~reg0  ; clk          ; clk         ; 1.000        ; 0.000      ; 2.290      ;
; -1.234 ; baud_output[8]~reg0  ; baud_output[1]~reg0  ; clk          ; clk         ; 1.000        ; 0.000      ; 2.270      ;
; -1.234 ; baud_output[8]~reg0  ; baud_output[2]~reg0  ; clk          ; clk         ; 1.000        ; 0.000      ; 2.270      ;
; -1.234 ; baud_output[8]~reg0  ; baud_output[3]~reg0  ; clk          ; clk         ; 1.000        ; 0.000      ; 2.270      ;
; -1.234 ; baud_output[8]~reg0  ; baud_output[4]~reg0  ; clk          ; clk         ; 1.000        ; 0.000      ; 2.270      ;
; -1.234 ; baud_output[8]~reg0  ; baud_output[5]~reg0  ; clk          ; clk         ; 1.000        ; 0.000      ; 2.270      ;
; -1.234 ; baud_output[8]~reg0  ; baud_output[6]~reg0  ; clk          ; clk         ; 1.000        ; 0.000      ; 2.270      ;
; -1.234 ; baud_output[8]~reg0  ; baud_output[7]~reg0  ; clk          ; clk         ; 1.000        ; 0.000      ; 2.270      ;
; -1.234 ; baud_output[8]~reg0  ; baud_output[8]~reg0  ; clk          ; clk         ; 1.000        ; 0.000      ; 2.270      ;
; -1.234 ; baud_output[8]~reg0  ; baud_output[9]~reg0  ; clk          ; clk         ; 1.000        ; 0.000      ; 2.270      ;
; -1.234 ; baud_output[8]~reg0  ; baud_output[10]~reg0 ; clk          ; clk         ; 1.000        ; 0.000      ; 2.270      ;
; -1.234 ; baud_output[8]~reg0  ; baud_output[0]~reg0  ; clk          ; clk         ; 1.000        ; 0.000      ; 2.270      ;
; -1.160 ; baud_output[6]~reg0  ; baud_output[1]~reg0  ; clk          ; clk         ; 1.000        ; 0.000      ; 2.196      ;
; -1.160 ; baud_output[6]~reg0  ; baud_output[2]~reg0  ; clk          ; clk         ; 1.000        ; 0.000      ; 2.196      ;
; -1.160 ; baud_output[6]~reg0  ; baud_output[3]~reg0  ; clk          ; clk         ; 1.000        ; 0.000      ; 2.196      ;
; -1.160 ; baud_output[6]~reg0  ; baud_output[4]~reg0  ; clk          ; clk         ; 1.000        ; 0.000      ; 2.196      ;
; -1.160 ; baud_output[6]~reg0  ; baud_output[5]~reg0  ; clk          ; clk         ; 1.000        ; 0.000      ; 2.196      ;
; -1.160 ; baud_output[6]~reg0  ; baud_output[6]~reg0  ; clk          ; clk         ; 1.000        ; 0.000      ; 2.196      ;
; -1.160 ; baud_output[6]~reg0  ; baud_output[7]~reg0  ; clk          ; clk         ; 1.000        ; 0.000      ; 2.196      ;
; -1.160 ; baud_output[6]~reg0  ; baud_output[8]~reg0  ; clk          ; clk         ; 1.000        ; 0.000      ; 2.196      ;
; -1.160 ; baud_output[6]~reg0  ; baud_output[9]~reg0  ; clk          ; clk         ; 1.000        ; 0.000      ; 2.196      ;
; -1.160 ; baud_output[6]~reg0  ; baud_output[10]~reg0 ; clk          ; clk         ; 1.000        ; 0.000      ; 2.196      ;
; -1.160 ; baud_output[6]~reg0  ; baud_output[0]~reg0  ; clk          ; clk         ; 1.000        ; 0.000      ; 2.196      ;
; -1.122 ; baud_output[7]~reg0  ; baud_output[1]~reg0  ; clk          ; clk         ; 1.000        ; 0.000      ; 2.158      ;
; -1.122 ; baud_output[7]~reg0  ; baud_output[2]~reg0  ; clk          ; clk         ; 1.000        ; 0.000      ; 2.158      ;
; -1.122 ; baud_output[7]~reg0  ; baud_output[3]~reg0  ; clk          ; clk         ; 1.000        ; 0.000      ; 2.158      ;
; -1.122 ; baud_output[7]~reg0  ; baud_output[4]~reg0  ; clk          ; clk         ; 1.000        ; 0.000      ; 2.158      ;
; -1.122 ; baud_output[7]~reg0  ; baud_output[5]~reg0  ; clk          ; clk         ; 1.000        ; 0.000      ; 2.158      ;
; -1.122 ; baud_output[7]~reg0  ; baud_output[6]~reg0  ; clk          ; clk         ; 1.000        ; 0.000      ; 2.158      ;
; -1.122 ; baud_output[7]~reg0  ; baud_output[7]~reg0  ; clk          ; clk         ; 1.000        ; 0.000      ; 2.158      ;
; -1.122 ; baud_output[7]~reg0  ; baud_output[8]~reg0  ; clk          ; clk         ; 1.000        ; 0.000      ; 2.158      ;
; -1.122 ; baud_output[7]~reg0  ; baud_output[9]~reg0  ; clk          ; clk         ; 1.000        ; 0.000      ; 2.158      ;
; -1.122 ; baud_output[7]~reg0  ; baud_output[10]~reg0 ; clk          ; clk         ; 1.000        ; 0.000      ; 2.158      ;
; -1.122 ; baud_output[7]~reg0  ; baud_output[0]~reg0  ; clk          ; clk         ; 1.000        ; 0.000      ; 2.158      ;
; -1.095 ; baud_output[9]~reg0  ; baud_output[1]~reg0  ; clk          ; clk         ; 1.000        ; 0.000      ; 2.131      ;
; -1.095 ; baud_output[9]~reg0  ; baud_output[2]~reg0  ; clk          ; clk         ; 1.000        ; 0.000      ; 2.131      ;
; -1.095 ; baud_output[9]~reg0  ; baud_output[3]~reg0  ; clk          ; clk         ; 1.000        ; 0.000      ; 2.131      ;
; -1.095 ; baud_output[9]~reg0  ; baud_output[4]~reg0  ; clk          ; clk         ; 1.000        ; 0.000      ; 2.131      ;
; -1.095 ; baud_output[9]~reg0  ; baud_output[5]~reg0  ; clk          ; clk         ; 1.000        ; 0.000      ; 2.131      ;
; -1.095 ; baud_output[9]~reg0  ; baud_output[6]~reg0  ; clk          ; clk         ; 1.000        ; 0.000      ; 2.131      ;
; -1.095 ; baud_output[9]~reg0  ; baud_output[7]~reg0  ; clk          ; clk         ; 1.000        ; 0.000      ; 2.131      ;
; -1.095 ; baud_output[9]~reg0  ; baud_output[8]~reg0  ; clk          ; clk         ; 1.000        ; 0.000      ; 2.131      ;
; -1.095 ; baud_output[9]~reg0  ; baud_output[9]~reg0  ; clk          ; clk         ; 1.000        ; 0.000      ; 2.131      ;
; -1.095 ; baud_output[9]~reg0  ; baud_output[10]~reg0 ; clk          ; clk         ; 1.000        ; 0.000      ; 2.131      ;
; -1.095 ; baud_output[9]~reg0  ; baud_output[0]~reg0  ; clk          ; clk         ; 1.000        ; 0.000      ; 2.131      ;
; -1.082 ; baud_output[3]~reg0  ; baud_output[1]~reg0  ; clk          ; clk         ; 1.000        ; 0.000      ; 2.118      ;
; -1.082 ; baud_output[3]~reg0  ; baud_output[2]~reg0  ; clk          ; clk         ; 1.000        ; 0.000      ; 2.118      ;
; -1.082 ; baud_output[3]~reg0  ; baud_output[3]~reg0  ; clk          ; clk         ; 1.000        ; 0.000      ; 2.118      ;
; -1.082 ; baud_output[3]~reg0  ; baud_output[4]~reg0  ; clk          ; clk         ; 1.000        ; 0.000      ; 2.118      ;
; -1.082 ; baud_output[3]~reg0  ; baud_output[5]~reg0  ; clk          ; clk         ; 1.000        ; 0.000      ; 2.118      ;
; -1.082 ; baud_output[3]~reg0  ; baud_output[6]~reg0  ; clk          ; clk         ; 1.000        ; 0.000      ; 2.118      ;
; -1.082 ; baud_output[3]~reg0  ; baud_output[7]~reg0  ; clk          ; clk         ; 1.000        ; 0.000      ; 2.118      ;
; -1.082 ; baud_output[3]~reg0  ; baud_output[8]~reg0  ; clk          ; clk         ; 1.000        ; 0.000      ; 2.118      ;
; -1.082 ; baud_output[3]~reg0  ; baud_output[9]~reg0  ; clk          ; clk         ; 1.000        ; 0.000      ; 2.118      ;
; -1.082 ; baud_output[3]~reg0  ; baud_output[10]~reg0 ; clk          ; clk         ; 1.000        ; 0.000      ; 2.118      ;
; -1.082 ; baud_output[3]~reg0  ; baud_output[0]~reg0  ; clk          ; clk         ; 1.000        ; 0.000      ; 2.118      ;
; -1.050 ; baud_output[2]~reg0  ; baud_output[10]~reg0 ; clk          ; clk         ; 1.000        ; 0.000      ; 2.086      ;
; -0.981 ; baud_output[4]~reg0  ; baud_output[1]~reg0  ; clk          ; clk         ; 1.000        ; 0.000      ; 2.017      ;
; -0.981 ; baud_output[4]~reg0  ; baud_output[2]~reg0  ; clk          ; clk         ; 1.000        ; 0.000      ; 2.017      ;
; -0.981 ; baud_output[4]~reg0  ; baud_output[3]~reg0  ; clk          ; clk         ; 1.000        ; 0.000      ; 2.017      ;
; -0.981 ; baud_output[4]~reg0  ; baud_output[4]~reg0  ; clk          ; clk         ; 1.000        ; 0.000      ; 2.017      ;
; -0.981 ; baud_output[4]~reg0  ; baud_output[5]~reg0  ; clk          ; clk         ; 1.000        ; 0.000      ; 2.017      ;
; -0.981 ; baud_output[4]~reg0  ; baud_output[6]~reg0  ; clk          ; clk         ; 1.000        ; 0.000      ; 2.017      ;
; -0.981 ; baud_output[4]~reg0  ; baud_output[7]~reg0  ; clk          ; clk         ; 1.000        ; 0.000      ; 2.017      ;
; -0.981 ; baud_output[4]~reg0  ; baud_output[8]~reg0  ; clk          ; clk         ; 1.000        ; 0.000      ; 2.017      ;
; -0.981 ; baud_output[4]~reg0  ; baud_output[9]~reg0  ; clk          ; clk         ; 1.000        ; 0.000      ; 2.017      ;
; -0.981 ; baud_output[4]~reg0  ; baud_output[10]~reg0 ; clk          ; clk         ; 1.000        ; 0.000      ; 2.017      ;
; -0.981 ; baud_output[4]~reg0  ; baud_output[0]~reg0  ; clk          ; clk         ; 1.000        ; 0.000      ; 2.017      ;
+--------+----------------------+----------------------+--------------+-------------+--------------+------------+------------+


+---------------------------------------------------------------------------------------------------------------------------+
; Slow Model Hold: 'clk'                                                                                                    ;
+-------+----------------------+----------------------+--------------+-------------+--------------+------------+------------+
; Slack ; From Node            ; To Node              ; Launch Clock ; Latch Clock ; Relationship ; Clock Skew ; Data Delay ;
+-------+----------------------+----------------------+--------------+-------------+--------------+------------+------------+
; 0.537 ; baud_output[10]~reg0 ; baud_output[10]~reg0 ; clk          ; clk         ; 0.000        ; 0.000      ; 0.803      ;
; 0.812 ; baud_output[9]~reg0  ; baud_output[9]~reg0  ; clk          ; clk         ; 0.000        ; 0.000      ; 1.078      ;
; 0.815 ; baud_output[5]~reg0  ; baud_output[5]~reg0  ; clk          ; clk         ; 0.000        ; 0.000      ; 1.081      ;
; 0.816 ; baud_output[7]~reg0  ; baud_output[7]~reg0  ; clk          ; clk         ; 0.000        ; 0.000      ; 1.082      ;
; 0.817 ; baud_output[3]~reg0  ; baud_output[3]~reg0  ; clk          ; clk         ; 0.000        ; 0.000      ; 1.083      ;
; 0.817 ; baud_output[0]~reg0  ; baud_output[0]~reg0  ; clk          ; clk         ; 0.000        ; 0.000      ; 1.083      ;
; 0.849 ; baud_output[1]~reg0  ; baud_output[1]~reg0  ; clk          ; clk         ; 0.000        ; 0.000      ; 1.115      ;
; 0.849 ; baud_output[2]~reg0  ; baud_output[2]~reg0  ; clk          ; clk         ; 0.000        ; 0.000      ; 1.115      ;
; 0.851 ; baud_output[4]~reg0  ; baud_output[4]~reg0  ; clk          ; clk         ; 0.000        ; 0.000      ; 1.117      ;
; 0.852 ; baud_output[6]~reg0  ; baud_output[6]~reg0  ; clk          ; clk         ; 0.000        ; 0.000      ; 1.118      ;
; 0.853 ; baud_output[8]~reg0  ; baud_output[8]~reg0  ; clk          ; clk         ; 0.000        ; 0.000      ; 1.119      ;
; 1.195 ; baud_output[9]~reg0  ; baud_output[10]~reg0 ; clk          ; clk         ; 0.000        ; 0.000      ; 1.461      ;
; 1.198 ; baud_output[5]~reg0  ; baud_output[6]~reg0  ; clk          ; clk         ; 0.000        ; 0.000      ; 1.464      ;
; 1.199 ; baud_output[7]~reg0  ; baud_output[8]~reg0  ; clk          ; clk         ; 0.000        ; 0.000      ; 1.465      ;
; 1.200 ; baud_output[0]~reg0  ; baud_output[1]~reg0  ; clk          ; clk         ; 0.000        ; 0.000      ; 1.466      ;
; 1.235 ; baud_output[2]~reg0  ; baud_output[3]~reg0  ; clk          ; clk         ; 0.000        ; 0.000      ; 1.501      ;
; 1.235 ; baud_output[1]~reg0  ; baud_output[2]~reg0  ; clk          ; clk         ; 0.000        ; 0.000      ; 1.501      ;
; 1.237 ; baud_output[4]~reg0  ; baud_output[5]~reg0  ; clk          ; clk         ; 0.000        ; 0.000      ; 1.503      ;
; 1.238 ; baud_output[6]~reg0  ; baud_output[7]~reg0  ; clk          ; clk         ; 0.000        ; 0.000      ; 1.504      ;
; 1.239 ; baud_output[8]~reg0  ; baud_output[9]~reg0  ; clk          ; clk         ; 0.000        ; 0.000      ; 1.505      ;
; 1.269 ; baud_output[5]~reg0  ; baud_output[7]~reg0  ; clk          ; clk         ; 0.000        ; 0.000      ; 1.535      ;
; 1.270 ; baud_output[7]~reg0  ; baud_output[9]~reg0  ; clk          ; clk         ; 0.000        ; 0.000      ; 1.536      ;
; 1.271 ; baud_output[0]~reg0  ; baud_output[2]~reg0  ; clk          ; clk         ; 0.000        ; 0.000      ; 1.537      ;
; 1.292 ; baud_output[3]~reg0  ; baud_output[4]~reg0  ; clk          ; clk         ; 0.000        ; 0.000      ; 1.558      ;
; 1.306 ; baud_output[1]~reg0  ; baud_output[3]~reg0  ; clk          ; clk         ; 0.000        ; 0.000      ; 1.572      ;
; 1.308 ; baud_output[4]~reg0  ; baud_output[6]~reg0  ; clk          ; clk         ; 0.000        ; 0.000      ; 1.574      ;
; 1.309 ; baud_output[6]~reg0  ; baud_output[8]~reg0  ; clk          ; clk         ; 0.000        ; 0.000      ; 1.575      ;
; 1.310 ; baud_output[8]~reg0  ; baud_output[10]~reg0 ; clk          ; clk         ; 0.000        ; 0.000      ; 1.576      ;
; 1.340 ; baud_output[5]~reg0  ; baud_output[8]~reg0  ; clk          ; clk         ; 0.000        ; 0.000      ; 1.606      ;
; 1.341 ; baud_output[7]~reg0  ; baud_output[10]~reg0 ; clk          ; clk         ; 0.000        ; 0.000      ; 1.607      ;
; 1.342 ; baud_output[0]~reg0  ; baud_output[3]~reg0  ; clk          ; clk         ; 0.000        ; 0.000      ; 1.608      ;
; 1.363 ; baud_output[3]~reg0  ; baud_output[5]~reg0  ; clk          ; clk         ; 0.000        ; 0.000      ; 1.629      ;
; 1.379 ; baud_output[4]~reg0  ; baud_output[7]~reg0  ; clk          ; clk         ; 0.000        ; 0.000      ; 1.645      ;
; 1.380 ; baud_output[6]~reg0  ; baud_output[9]~reg0  ; clk          ; clk         ; 0.000        ; 0.000      ; 1.646      ;
; 1.394 ; baud_output[2]~reg0  ; baud_output[4]~reg0  ; clk          ; clk         ; 0.000        ; 0.000      ; 1.660      ;
; 1.411 ; baud_output[5]~reg0  ; baud_output[9]~reg0  ; clk          ; clk         ; 0.000        ; 0.000      ; 1.677      ;
; 1.434 ; baud_output[3]~reg0  ; baud_output[6]~reg0  ; clk          ; clk         ; 0.000        ; 0.000      ; 1.700      ;
; 1.450 ; baud_output[4]~reg0  ; baud_output[8]~reg0  ; clk          ; clk         ; 0.000        ; 0.000      ; 1.716      ;
; 1.451 ; baud_output[6]~reg0  ; baud_output[10]~reg0 ; clk          ; clk         ; 0.000        ; 0.000      ; 1.717      ;
; 1.465 ; baud_output[2]~reg0  ; baud_output[5]~reg0  ; clk          ; clk         ; 0.000        ; 0.000      ; 1.731      ;
; 1.465 ; baud_output[1]~reg0  ; baud_output[4]~reg0  ; clk          ; clk         ; 0.000        ; 0.000      ; 1.731      ;
; 1.482 ; baud_output[5]~reg0  ; baud_output[10]~reg0 ; clk          ; clk         ; 0.000        ; 0.000      ; 1.748      ;
; 1.501 ; baud_output[0]~reg0  ; baud_output[4]~reg0  ; clk          ; clk         ; 0.000        ; 0.000      ; 1.767      ;
; 1.505 ; baud_output[3]~reg0  ; baud_output[7]~reg0  ; clk          ; clk         ; 0.000        ; 0.000      ; 1.771      ;
; 1.521 ; baud_output[4]~reg0  ; baud_output[9]~reg0  ; clk          ; clk         ; 0.000        ; 0.000      ; 1.787      ;
; 1.536 ; baud_output[2]~reg0  ; baud_output[6]~reg0  ; clk          ; clk         ; 0.000        ; 0.000      ; 1.802      ;
; 1.536 ; baud_output[1]~reg0  ; baud_output[5]~reg0  ; clk          ; clk         ; 0.000        ; 0.000      ; 1.802      ;
; 1.572 ; baud_output[0]~reg0  ; baud_output[5]~reg0  ; clk          ; clk         ; 0.000        ; 0.000      ; 1.838      ;
; 1.576 ; baud_output[3]~reg0  ; baud_output[8]~reg0  ; clk          ; clk         ; 0.000        ; 0.000      ; 1.842      ;
; 1.592 ; baud_output[4]~reg0  ; baud_output[10]~reg0 ; clk          ; clk         ; 0.000        ; 0.000      ; 1.858      ;
; 1.607 ; baud_output[2]~reg0  ; baud_output[7]~reg0  ; clk          ; clk         ; 0.000        ; 0.000      ; 1.873      ;
; 1.607 ; baud_output[1]~reg0  ; baud_output[6]~reg0  ; clk          ; clk         ; 0.000        ; 0.000      ; 1.873      ;
; 1.617 ; baud_output[5]~reg0  ; baud_output[1]~reg0  ; clk          ; clk         ; 0.000        ; 0.000      ; 1.883      ;
; 1.617 ; baud_output[5]~reg0  ; baud_output[2]~reg0  ; clk          ; clk         ; 0.000        ; 0.000      ; 1.883      ;
; 1.617 ; baud_output[5]~reg0  ; baud_output[3]~reg0  ; clk          ; clk         ; 0.000        ; 0.000      ; 1.883      ;
; 1.617 ; baud_output[5]~reg0  ; baud_output[4]~reg0  ; clk          ; clk         ; 0.000        ; 0.000      ; 1.883      ;
; 1.617 ; baud_output[5]~reg0  ; baud_output[0]~reg0  ; clk          ; clk         ; 0.000        ; 0.000      ; 1.883      ;
; 1.643 ; baud_output[0]~reg0  ; baud_output[6]~reg0  ; clk          ; clk         ; 0.000        ; 0.000      ; 1.909      ;
; 1.647 ; baud_output[3]~reg0  ; baud_output[9]~reg0  ; clk          ; clk         ; 0.000        ; 0.000      ; 1.913      ;
; 1.678 ; baud_output[2]~reg0  ; baud_output[8]~reg0  ; clk          ; clk         ; 0.000        ; 0.000      ; 1.944      ;
; 1.678 ; baud_output[1]~reg0  ; baud_output[7]~reg0  ; clk          ; clk         ; 0.000        ; 0.000      ; 1.944      ;
; 1.714 ; baud_output[0]~reg0  ; baud_output[7]~reg0  ; clk          ; clk         ; 0.000        ; 0.000      ; 1.980      ;
; 1.718 ; baud_output[3]~reg0  ; baud_output[10]~reg0 ; clk          ; clk         ; 0.000        ; 0.000      ; 1.984      ;
; 1.749 ; baud_output[2]~reg0  ; baud_output[1]~reg0  ; clk          ; clk         ; 0.000        ; 0.000      ; 2.015      ;
; 1.749 ; baud_output[2]~reg0  ; baud_output[9]~reg0  ; clk          ; clk         ; 0.000        ; 0.000      ; 2.015      ;
; 1.749 ; baud_output[2]~reg0  ; baud_output[10]~reg0 ; clk          ; clk         ; 0.000        ; 0.000      ; 2.015      ;
; 1.749 ; baud_output[2]~reg0  ; baud_output[0]~reg0  ; clk          ; clk         ; 0.000        ; 0.000      ; 2.015      ;
; 1.749 ; baud_output[1]~reg0  ; baud_output[8]~reg0  ; clk          ; clk         ; 0.000        ; 0.000      ; 2.015      ;
; 1.751 ; baud_output[4]~reg0  ; baud_output[1]~reg0  ; clk          ; clk         ; 0.000        ; 0.000      ; 2.017      ;
; 1.751 ; baud_output[4]~reg0  ; baud_output[2]~reg0  ; clk          ; clk         ; 0.000        ; 0.000      ; 2.017      ;
; 1.751 ; baud_output[4]~reg0  ; baud_output[3]~reg0  ; clk          ; clk         ; 0.000        ; 0.000      ; 2.017      ;
; 1.751 ; baud_output[4]~reg0  ; baud_output[0]~reg0  ; clk          ; clk         ; 0.000        ; 0.000      ; 2.017      ;
; 1.785 ; baud_output[0]~reg0  ; baud_output[8]~reg0  ; clk          ; clk         ; 0.000        ; 0.000      ; 2.051      ;
; 1.820 ; baud_output[1]~reg0  ; baud_output[9]~reg0  ; clk          ; clk         ; 0.000        ; 0.000      ; 2.086      ;
; 1.852 ; baud_output[3]~reg0  ; baud_output[1]~reg0  ; clk          ; clk         ; 0.000        ; 0.000      ; 2.118      ;
; 1.852 ; baud_output[3]~reg0  ; baud_output[2]~reg0  ; clk          ; clk         ; 0.000        ; 0.000      ; 2.118      ;
; 1.852 ; baud_output[3]~reg0  ; baud_output[0]~reg0  ; clk          ; clk         ; 0.000        ; 0.000      ; 2.118      ;
; 1.856 ; baud_output[0]~reg0  ; baud_output[9]~reg0  ; clk          ; clk         ; 0.000        ; 0.000      ; 2.122      ;
; 1.865 ; baud_output[9]~reg0  ; baud_output[1]~reg0  ; clk          ; clk         ; 0.000        ; 0.000      ; 2.131      ;
; 1.865 ; baud_output[9]~reg0  ; baud_output[2]~reg0  ; clk          ; clk         ; 0.000        ; 0.000      ; 2.131      ;
; 1.865 ; baud_output[9]~reg0  ; baud_output[3]~reg0  ; clk          ; clk         ; 0.000        ; 0.000      ; 2.131      ;
; 1.865 ; baud_output[9]~reg0  ; baud_output[4]~reg0  ; clk          ; clk         ; 0.000        ; 0.000      ; 2.131      ;
; 1.865 ; baud_output[9]~reg0  ; baud_output[5]~reg0  ; clk          ; clk         ; 0.000        ; 0.000      ; 2.131      ;
; 1.865 ; baud_output[9]~reg0  ; baud_output[6]~reg0  ; clk          ; clk         ; 0.000        ; 0.000      ; 2.131      ;
; 1.865 ; baud_output[9]~reg0  ; baud_output[7]~reg0  ; clk          ; clk         ; 0.000        ; 0.000      ; 2.131      ;
; 1.865 ; baud_output[9]~reg0  ; baud_output[8]~reg0  ; clk          ; clk         ; 0.000        ; 0.000      ; 2.131      ;
; 1.865 ; baud_output[9]~reg0  ; baud_output[0]~reg0  ; clk          ; clk         ; 0.000        ; 0.000      ; 2.131      ;
; 1.891 ; baud_output[1]~reg0  ; baud_output[10]~reg0 ; clk          ; clk         ; 0.000        ; 0.000      ; 2.157      ;
; 1.892 ; baud_output[7]~reg0  ; baud_output[1]~reg0  ; clk          ; clk         ; 0.000        ; 0.000      ; 2.158      ;
; 1.892 ; baud_output[7]~reg0  ; baud_output[2]~reg0  ; clk          ; clk         ; 0.000        ; 0.000      ; 2.158      ;
; 1.892 ; baud_output[7]~reg0  ; baud_output[3]~reg0  ; clk          ; clk         ; 0.000        ; 0.000      ; 2.158      ;
; 1.892 ; baud_output[7]~reg0  ; baud_output[4]~reg0  ; clk          ; clk         ; 0.000        ; 0.000      ; 2.158      ;
; 1.892 ; baud_output[7]~reg0  ; baud_output[5]~reg0  ; clk          ; clk         ; 0.000        ; 0.000      ; 2.158      ;
; 1.892 ; baud_output[7]~reg0  ; baud_output[6]~reg0  ; clk          ; clk         ; 0.000        ; 0.000      ; 2.158      ;
; 1.892 ; baud_output[7]~reg0  ; baud_output[0]~reg0  ; clk          ; clk         ; 0.000        ; 0.000      ; 2.158      ;
; 1.927 ; baud_output[0]~reg0  ; baud_output[10]~reg0 ; clk          ; clk         ; 0.000        ; 0.000      ; 2.193      ;
; 1.930 ; baud_output[6]~reg0  ; baud_output[1]~reg0  ; clk          ; clk         ; 0.000        ; 0.000      ; 2.196      ;
; 1.930 ; baud_output[6]~reg0  ; baud_output[2]~reg0  ; clk          ; clk         ; 0.000        ; 0.000      ; 2.196      ;
; 1.930 ; baud_output[6]~reg0  ; baud_output[3]~reg0  ; clk          ; clk         ; 0.000        ; 0.000      ; 2.196      ;
; 1.930 ; baud_output[6]~reg0  ; baud_output[4]~reg0  ; clk          ; clk         ; 0.000        ; 0.000      ; 2.196      ;
+-------+----------------------+----------------------+--------------+-------------+--------------+------------+------------+


+-----------------------------------------------------------------------------------------------------------+
; Slow Model Minimum Pulse Width: 'clk'                                                                     ;
+--------+--------------+----------------+------------------+-------+------------+--------------------------+
; Slack  ; Actual Width ; Required Width ; Type             ; Clock ; Clock Edge ; Target                   ;
+--------+--------------+----------------+------------------+-------+------------+--------------------------+
; -1.380 ; 1.000        ; 2.380          ; Port Rate        ; clk   ; Rise       ; clk                      ;
; -0.500 ; 0.500        ; 1.000          ; High Pulse Width ; clk   ; Rise       ; baud_output[0]~reg0      ;
; -0.500 ; 0.500        ; 1.000          ; Low Pulse Width  ; clk   ; Rise       ; baud_output[0]~reg0      ;
; -0.500 ; 0.500        ; 1.000          ; High Pulse Width ; clk   ; Rise       ; baud_output[10]~reg0     ;
; -0.500 ; 0.500        ; 1.000          ; Low Pulse Width  ; clk   ; Rise       ; baud_output[10]~reg0     ;
; -0.500 ; 0.500        ; 1.000          ; High Pulse Width ; clk   ; Rise       ; baud_output[1]~reg0      ;
; -0.500 ; 0.500        ; 1.000          ; Low Pulse Width  ; clk   ; Rise       ; baud_output[1]~reg0      ;
; -0.500 ; 0.500        ; 1.000          ; High Pulse Width ; clk   ; Rise       ; baud_output[2]~reg0      ;
; -0.500 ; 0.500        ; 1.000          ; Low Pulse Width  ; clk   ; Rise       ; baud_output[2]~reg0      ;
; -0.500 ; 0.500        ; 1.000          ; High Pulse Width ; clk   ; Rise       ; baud_output[3]~reg0      ;
; -0.500 ; 0.500        ; 1.000          ; Low Pulse Width  ; clk   ; Rise       ; baud_output[3]~reg0      ;
; -0.500 ; 0.500        ; 1.000          ; High Pulse Width ; clk   ; Rise       ; baud_output[4]~reg0      ;
; -0.500 ; 0.500        ; 1.000          ; Low Pulse Width  ; clk   ; Rise       ; baud_output[4]~reg0      ;
; -0.500 ; 0.500        ; 1.000          ; High Pulse Width ; clk   ; Rise       ; baud_output[5]~reg0      ;
; -0.500 ; 0.500        ; 1.000          ; Low Pulse Width  ; clk   ; Rise       ; baud_output[5]~reg0      ;
; -0.500 ; 0.500        ; 1.000          ; High Pulse Width ; clk   ; Rise       ; baud_output[6]~reg0      ;
; -0.500 ; 0.500        ; 1.000          ; Low Pulse Width  ; clk   ; Rise       ; baud_output[6]~reg0      ;
; -0.500 ; 0.500        ; 1.000          ; High Pulse Width ; clk   ; Rise       ; baud_output[7]~reg0      ;
; -0.500 ; 0.500        ; 1.000          ; Low Pulse Width  ; clk   ; Rise       ; baud_output[7]~reg0      ;
; -0.500 ; 0.500        ; 1.000          ; High Pulse Width ; clk   ; Rise       ; baud_output[8]~reg0      ;
; -0.500 ; 0.500        ; 1.000          ; Low Pulse Width  ; clk   ; Rise       ; baud_output[8]~reg0      ;
; -0.500 ; 0.500        ; 1.000          ; High Pulse Width ; clk   ; Rise       ; baud_output[9]~reg0      ;
; -0.500 ; 0.500        ; 1.000          ; Low Pulse Width  ; clk   ; Rise       ; baud_output[9]~reg0      ;
; 0.500  ; 0.500        ; 0.000          ; High Pulse Width ; clk   ; Rise       ; baud_output[0]~reg0|clk  ;
; 0.500  ; 0.500        ; 0.000          ; Low Pulse Width  ; clk   ; Rise       ; baud_output[0]~reg0|clk  ;
; 0.500  ; 0.500        ; 0.000          ; High Pulse Width ; clk   ; Rise       ; baud_output[10]~reg0|clk ;
; 0.500  ; 0.500        ; 0.000          ; Low Pulse Width  ; clk   ; Rise       ; baud_output[10]~reg0|clk ;
; 0.500  ; 0.500        ; 0.000          ; High Pulse Width ; clk   ; Rise       ; baud_output[1]~reg0|clk  ;
; 0.500  ; 0.500        ; 0.000          ; Low Pulse Width  ; clk   ; Rise       ; baud_output[1]~reg0|clk  ;
; 0.500  ; 0.500        ; 0.000          ; High Pulse Width ; clk   ; Rise       ; baud_output[2]~reg0|clk  ;
; 0.500  ; 0.500        ; 0.000          ; Low Pulse Width  ; clk   ; Rise       ; baud_output[2]~reg0|clk  ;
; 0.500  ; 0.500        ; 0.000          ; High Pulse Width ; clk   ; Rise       ; baud_output[3]~reg0|clk  ;
; 0.500  ; 0.500        ; 0.000          ; Low Pulse Width  ; clk   ; Rise       ; baud_output[3]~reg0|clk  ;
; 0.500  ; 0.500        ; 0.000          ; High Pulse Width ; clk   ; Rise       ; baud_output[4]~reg0|clk  ;
; 0.500  ; 0.500        ; 0.000          ; Low Pulse Width  ; clk   ; Rise       ; baud_output[4]~reg0|clk  ;
; 0.500  ; 0.500        ; 0.000          ; High Pulse Width ; clk   ; Rise       ; baud_output[5]~reg0|clk  ;
; 0.500  ; 0.500        ; 0.000          ; Low Pulse Width  ; clk   ; Rise       ; baud_output[5]~reg0|clk  ;
; 0.500  ; 0.500        ; 0.000          ; High Pulse Width ; clk   ; Rise       ; baud_output[6]~reg0|clk  ;
; 0.500  ; 0.500        ; 0.000          ; Low Pulse Width  ; clk   ; Rise       ; baud_output[6]~reg0|clk  ;
; 0.500  ; 0.500        ; 0.000          ; High Pulse Width ; clk   ; Rise       ; baud_output[7]~reg0|clk  ;
; 0.500  ; 0.500        ; 0.000          ; Low Pulse Width  ; clk   ; Rise       ; baud_output[7]~reg0|clk  ;
; 0.500  ; 0.500        ; 0.000          ; High Pulse Width ; clk   ; Rise       ; baud_output[8]~reg0|clk  ;
; 0.500  ; 0.500        ; 0.000          ; Low Pulse Width  ; clk   ; Rise       ; baud_output[8]~reg0|clk  ;
; 0.500  ; 0.500        ; 0.000          ; High Pulse Width ; clk   ; Rise       ; baud_output[9]~reg0|clk  ;
; 0.500  ; 0.500        ; 0.000          ; Low Pulse Width  ; clk   ; Rise       ; baud_output[9]~reg0|clk  ;
; 0.500  ; 0.500        ; 0.000          ; High Pulse Width ; clk   ; Rise       ; clk|combout              ;
; 0.500  ; 0.500        ; 0.000          ; Low Pulse Width  ; clk   ; Rise       ; clk|combout              ;
; 0.500  ; 0.500        ; 0.000          ; High Pulse Width ; clk   ; Rise       ; clk~clkctrl|inclk[0]     ;
; 0.500  ; 0.500        ; 0.000          ; Low Pulse Width  ; clk   ; Rise       ; clk~clkctrl|inclk[0]     ;
; 0.500  ; 0.500        ; 0.000          ; High Pulse Width ; clk   ; Rise       ; clk~clkctrl|outclk       ;
; 0.500  ; 0.500        ; 0.000          ; Low Pulse Width  ; clk   ; Rise       ; clk~clkctrl|outclk       ;
+--------+--------------+----------------+------------------+-------+------------+--------------------------+


+-----------------------------------------------------------------------+
; Setup Times                                                           ;
+-----------+------------+-------+-------+------------+-----------------+
; Data Port ; Clock Port ; Rise  ; Fall  ; Clock Edge ; Clock Reference ;
+-----------+------------+-------+-------+------------+-----------------+
; reset     ; clk        ; 0.782 ; 0.782 ; Rise       ; clk             ;
+-----------+------------+-------+-------+------------+-----------------+


+-------------------------------------------------------------------------+
; Hold Times                                                              ;
+-----------+------------+--------+--------+------------+-----------------+
; Data Port ; Clock Port ; Rise   ; Fall   ; Clock Edge ; Clock Reference ;
+-----------+------------+--------+--------+------------+-----------------+
; reset     ; clk        ; -0.552 ; -0.552 ; Rise       ; clk             ;
+-----------+------------+--------+--------+------------+-----------------+


+------------------------------------------------------------------------------+
; Clock to Output Times                                                        ;
+------------------+------------+-------+-------+------------+-----------------+
; Data Port        ; Clock Port ; Rise  ; Fall  ; Clock Edge ; Clock Reference ;
+------------------+------------+-------+-------+------------+-----------------+
; baud_output[*]   ; clk        ; 6.603 ; 6.603 ; Rise       ; clk             ;
;  baud_output[0]  ; clk        ; 6.553 ; 6.553 ; Rise       ; clk             ;
;  baud_output[1]  ; clk        ; 6.345 ; 6.345 ; Rise       ; clk             ;
;  baud_output[2]  ; clk        ; 6.345 ; 6.345 ; Rise       ; clk             ;
;  baud_output[3]  ; clk        ; 6.599 ; 6.599 ; Rise       ; clk             ;
;  baud_output[4]  ; clk        ; 6.603 ; 6.603 ; Rise       ; clk             ;
;  baud_output[5]  ; clk        ; 6.542 ; 6.542 ; Rise       ; clk             ;
;  baud_output[6]  ; clk        ; 6.345 ; 6.345 ; Rise       ; clk             ;
;  baud_output[7]  ; clk        ; 6.562 ; 6.562 ; Rise       ; clk             ;
;  baud_output[8]  ; clk        ; 6.368 ; 6.368 ; Rise       ; clk             ;
;  baud_output[9]  ; clk        ; 6.558 ; 6.558 ; Rise       ; clk             ;
;  baud_output[10] ; clk        ; 6.355 ; 6.355 ; Rise       ; clk             ;
+------------------+------------+-------+-------+------------+-----------------+


+------------------------------------------------------------------------------+
; Minimum Clock to Output Times                                                ;
+------------------+------------+-------+-------+------------+-----------------+
; Data Port        ; Clock Port ; Rise  ; Fall  ; Clock Edge ; Clock Reference ;
+------------------+------------+-------+-------+------------+-----------------+
; baud_output[*]   ; clk        ; 6.345 ; 6.345 ; Rise       ; clk             ;
;  baud_output[0]  ; clk        ; 6.553 ; 6.553 ; Rise       ; clk             ;
;  baud_output[1]  ; clk        ; 6.345 ; 6.345 ; Rise       ; clk             ;
;  baud_output[2]  ; clk        ; 6.345 ; 6.345 ; Rise       ; clk             ;
;  baud_output[3]  ; clk        ; 6.599 ; 6.599 ; Rise       ; clk             ;
;  baud_output[4]  ; clk        ; 6.603 ; 6.603 ; Rise       ; clk             ;
;  baud_output[5]  ; clk        ; 6.542 ; 6.542 ; Rise       ; clk             ;
;  baud_output[6]  ; clk        ; 6.345 ; 6.345 ; Rise       ; clk             ;
;  baud_output[7]  ; clk        ; 6.562 ; 6.562 ; Rise       ; clk             ;
;  baud_output[8]  ; clk        ; 6.368 ; 6.368 ; Rise       ; clk             ;
;  baud_output[9]  ; clk        ; 6.558 ; 6.558 ; Rise       ; clk             ;
;  baud_output[10] ; clk        ; 6.355 ; 6.355 ; Rise       ; clk             ;
+------------------+------------+-------+-------+------------+-----------------+


+--------------------------------+
; Fast Model Setup Summary       ;
+-------+--------+---------------+
; Clock ; Slack  ; End Point TNS ;
+-------+--------+---------------+
; clk   ; -0.120 ; -1.320        ;
+-------+--------+---------------+


+-------------------------------+
; Fast Model Hold Summary       ;
+-------+-------+---------------+
; Clock ; Slack ; End Point TNS ;
+-------+-------+---------------+
; clk   ; 0.247 ; 0.000         ;
+-------+-------+---------------+


-------------------------------
; Fast Model Recovery Summary ;
-------------------------------
No paths to report.


------------------------------
; Fast Model Removal Summary ;
------------------------------
No paths to report.


+----------------------------------------+
; Fast Model Minimum Pulse Width Summary ;
+-------+--------+-----------------------+
; Clock ; Slack  ; End Point TNS         ;
+-------+--------+-----------------------+
; clk   ; -1.380 ; -12.380               ;
+-------+--------+-----------------------+


+----------------------------------------------------------------------------------------------------------------------------+
; Fast Model Setup: 'clk'                                                                                                    ;
+--------+----------------------+----------------------+--------------+-------------+--------------+------------+------------+
; Slack  ; From Node            ; To Node              ; Launch Clock ; Latch Clock ; Relationship ; Clock Skew ; Data Delay ;
+--------+----------------------+----------------------+--------------+-------------+--------------+------------+------------+
; -0.120 ; baud_output[10]~reg0 ; baud_output[1]~reg0  ; clk          ; clk         ; 1.000        ; 0.000      ; 1.152      ;
; -0.120 ; baud_output[10]~reg0 ; baud_output[2]~reg0  ; clk          ; clk         ; 1.000        ; 0.000      ; 1.152      ;
; -0.120 ; baud_output[10]~reg0 ; baud_output[3]~reg0  ; clk          ; clk         ; 1.000        ; 0.000      ; 1.152      ;
; -0.120 ; baud_output[10]~reg0 ; baud_output[4]~reg0  ; clk          ; clk         ; 1.000        ; 0.000      ; 1.152      ;
; -0.120 ; baud_output[10]~reg0 ; baud_output[5]~reg0  ; clk          ; clk         ; 1.000        ; 0.000      ; 1.152      ;
; -0.120 ; baud_output[10]~reg0 ; baud_output[6]~reg0  ; clk          ; clk         ; 1.000        ; 0.000      ; 1.152      ;
; -0.120 ; baud_output[10]~reg0 ; baud_output[7]~reg0  ; clk          ; clk         ; 1.000        ; 0.000      ; 1.152      ;
; -0.120 ; baud_output[10]~reg0 ; baud_output[8]~reg0  ; clk          ; clk         ; 1.000        ; 0.000      ; 1.152      ;
; -0.120 ; baud_output[10]~reg0 ; baud_output[9]~reg0  ; clk          ; clk         ; 1.000        ; 0.000      ; 1.152      ;
; -0.120 ; baud_output[10]~reg0 ; baud_output[10]~reg0 ; clk          ; clk         ; 1.000        ; 0.000      ; 1.152      ;
; -0.120 ; baud_output[10]~reg0 ; baud_output[0]~reg0  ; clk          ; clk         ; 1.000        ; 0.000      ; 1.152      ;
; -0.074 ; baud_output[1]~reg0  ; baud_output[1]~reg0  ; clk          ; clk         ; 1.000        ; 0.000      ; 1.106      ;
; -0.074 ; baud_output[1]~reg0  ; baud_output[2]~reg0  ; clk          ; clk         ; 1.000        ; 0.000      ; 1.106      ;
; -0.074 ; baud_output[1]~reg0  ; baud_output[3]~reg0  ; clk          ; clk         ; 1.000        ; 0.000      ; 1.106      ;
; -0.074 ; baud_output[1]~reg0  ; baud_output[4]~reg0  ; clk          ; clk         ; 1.000        ; 0.000      ; 1.106      ;
; -0.074 ; baud_output[1]~reg0  ; baud_output[5]~reg0  ; clk          ; clk         ; 1.000        ; 0.000      ; 1.106      ;
; -0.074 ; baud_output[1]~reg0  ; baud_output[6]~reg0  ; clk          ; clk         ; 1.000        ; 0.000      ; 1.106      ;
; -0.074 ; baud_output[1]~reg0  ; baud_output[7]~reg0  ; clk          ; clk         ; 1.000        ; 0.000      ; 1.106      ;
; -0.074 ; baud_output[1]~reg0  ; baud_output[8]~reg0  ; clk          ; clk         ; 1.000        ; 0.000      ; 1.106      ;
; -0.074 ; baud_output[1]~reg0  ; baud_output[9]~reg0  ; clk          ; clk         ; 1.000        ; 0.000      ; 1.106      ;
; -0.074 ; baud_output[1]~reg0  ; baud_output[10]~reg0 ; clk          ; clk         ; 1.000        ; 0.000      ; 1.106      ;
; -0.074 ; baud_output[1]~reg0  ; baud_output[0]~reg0  ; clk          ; clk         ; 1.000        ; 0.000      ; 1.106      ;
; -0.063 ; baud_output[0]~reg0  ; baud_output[1]~reg0  ; clk          ; clk         ; 1.000        ; 0.000      ; 1.095      ;
; -0.063 ; baud_output[0]~reg0  ; baud_output[2]~reg0  ; clk          ; clk         ; 1.000        ; 0.000      ; 1.095      ;
; -0.063 ; baud_output[0]~reg0  ; baud_output[3]~reg0  ; clk          ; clk         ; 1.000        ; 0.000      ; 1.095      ;
; -0.063 ; baud_output[0]~reg0  ; baud_output[4]~reg0  ; clk          ; clk         ; 1.000        ; 0.000      ; 1.095      ;
; -0.063 ; baud_output[0]~reg0  ; baud_output[5]~reg0  ; clk          ; clk         ; 1.000        ; 0.000      ; 1.095      ;
; -0.063 ; baud_output[0]~reg0  ; baud_output[6]~reg0  ; clk          ; clk         ; 1.000        ; 0.000      ; 1.095      ;
; -0.063 ; baud_output[0]~reg0  ; baud_output[7]~reg0  ; clk          ; clk         ; 1.000        ; 0.000      ; 1.095      ;
; -0.063 ; baud_output[0]~reg0  ; baud_output[8]~reg0  ; clk          ; clk         ; 1.000        ; 0.000      ; 1.095      ;
; -0.063 ; baud_output[0]~reg0  ; baud_output[9]~reg0  ; clk          ; clk         ; 1.000        ; 0.000      ; 1.095      ;
; -0.063 ; baud_output[0]~reg0  ; baud_output[10]~reg0 ; clk          ; clk         ; 1.000        ; 0.000      ; 1.095      ;
; -0.063 ; baud_output[0]~reg0  ; baud_output[0]~reg0  ; clk          ; clk         ; 1.000        ; 0.000      ; 1.095      ;
; -0.058 ; baud_output[8]~reg0  ; baud_output[1]~reg0  ; clk          ; clk         ; 1.000        ; 0.000      ; 1.090      ;
; -0.058 ; baud_output[8]~reg0  ; baud_output[2]~reg0  ; clk          ; clk         ; 1.000        ; 0.000      ; 1.090      ;
; -0.058 ; baud_output[8]~reg0  ; baud_output[3]~reg0  ; clk          ; clk         ; 1.000        ; 0.000      ; 1.090      ;
; -0.058 ; baud_output[8]~reg0  ; baud_output[4]~reg0  ; clk          ; clk         ; 1.000        ; 0.000      ; 1.090      ;
; -0.058 ; baud_output[8]~reg0  ; baud_output[5]~reg0  ; clk          ; clk         ; 1.000        ; 0.000      ; 1.090      ;
; -0.058 ; baud_output[8]~reg0  ; baud_output[6]~reg0  ; clk          ; clk         ; 1.000        ; 0.000      ; 1.090      ;
; -0.058 ; baud_output[8]~reg0  ; baud_output[7]~reg0  ; clk          ; clk         ; 1.000        ; 0.000      ; 1.090      ;
; -0.058 ; baud_output[8]~reg0  ; baud_output[8]~reg0  ; clk          ; clk         ; 1.000        ; 0.000      ; 1.090      ;
; -0.058 ; baud_output[8]~reg0  ; baud_output[9]~reg0  ; clk          ; clk         ; 1.000        ; 0.000      ; 1.090      ;
; -0.058 ; baud_output[8]~reg0  ; baud_output[10]~reg0 ; clk          ; clk         ; 1.000        ; 0.000      ; 1.090      ;
; -0.058 ; baud_output[8]~reg0  ; baud_output[0]~reg0  ; clk          ; clk         ; 1.000        ; 0.000      ; 1.090      ;
; -0.031 ; baud_output[6]~reg0  ; baud_output[1]~reg0  ; clk          ; clk         ; 1.000        ; 0.000      ; 1.063      ;
; -0.031 ; baud_output[6]~reg0  ; baud_output[2]~reg0  ; clk          ; clk         ; 1.000        ; 0.000      ; 1.063      ;
; -0.031 ; baud_output[6]~reg0  ; baud_output[3]~reg0  ; clk          ; clk         ; 1.000        ; 0.000      ; 1.063      ;
; -0.031 ; baud_output[6]~reg0  ; baud_output[4]~reg0  ; clk          ; clk         ; 1.000        ; 0.000      ; 1.063      ;
; -0.031 ; baud_output[6]~reg0  ; baud_output[5]~reg0  ; clk          ; clk         ; 1.000        ; 0.000      ; 1.063      ;
; -0.031 ; baud_output[6]~reg0  ; baud_output[6]~reg0  ; clk          ; clk         ; 1.000        ; 0.000      ; 1.063      ;
; -0.031 ; baud_output[6]~reg0  ; baud_output[7]~reg0  ; clk          ; clk         ; 1.000        ; 0.000      ; 1.063      ;
; -0.031 ; baud_output[6]~reg0  ; baud_output[8]~reg0  ; clk          ; clk         ; 1.000        ; 0.000      ; 1.063      ;
; -0.031 ; baud_output[6]~reg0  ; baud_output[9]~reg0  ; clk          ; clk         ; 1.000        ; 0.000      ; 1.063      ;
; -0.031 ; baud_output[6]~reg0  ; baud_output[10]~reg0 ; clk          ; clk         ; 1.000        ; 0.000      ; 1.063      ;
; -0.031 ; baud_output[6]~reg0  ; baud_output[0]~reg0  ; clk          ; clk         ; 1.000        ; 0.000      ; 1.063      ;
; -0.016 ; baud_output[7]~reg0  ; baud_output[1]~reg0  ; clk          ; clk         ; 1.000        ; 0.000      ; 1.048      ;
; -0.016 ; baud_output[7]~reg0  ; baud_output[2]~reg0  ; clk          ; clk         ; 1.000        ; 0.000      ; 1.048      ;
; -0.016 ; baud_output[7]~reg0  ; baud_output[3]~reg0  ; clk          ; clk         ; 1.000        ; 0.000      ; 1.048      ;
; -0.016 ; baud_output[7]~reg0  ; baud_output[4]~reg0  ; clk          ; clk         ; 1.000        ; 0.000      ; 1.048      ;
; -0.016 ; baud_output[7]~reg0  ; baud_output[5]~reg0  ; clk          ; clk         ; 1.000        ; 0.000      ; 1.048      ;
; -0.016 ; baud_output[7]~reg0  ; baud_output[6]~reg0  ; clk          ; clk         ; 1.000        ; 0.000      ; 1.048      ;
; -0.016 ; baud_output[7]~reg0  ; baud_output[7]~reg0  ; clk          ; clk         ; 1.000        ; 0.000      ; 1.048      ;
; -0.016 ; baud_output[7]~reg0  ; baud_output[8]~reg0  ; clk          ; clk         ; 1.000        ; 0.000      ; 1.048      ;
; -0.016 ; baud_output[7]~reg0  ; baud_output[9]~reg0  ; clk          ; clk         ; 1.000        ; 0.000      ; 1.048      ;
; -0.016 ; baud_output[7]~reg0  ; baud_output[10]~reg0 ; clk          ; clk         ; 1.000        ; 0.000      ; 1.048      ;
; -0.016 ; baud_output[7]~reg0  ; baud_output[0]~reg0  ; clk          ; clk         ; 1.000        ; 0.000      ; 1.048      ;
; -0.002 ; baud_output[9]~reg0  ; baud_output[1]~reg0  ; clk          ; clk         ; 1.000        ; 0.000      ; 1.034      ;
; -0.002 ; baud_output[9]~reg0  ; baud_output[2]~reg0  ; clk          ; clk         ; 1.000        ; 0.000      ; 1.034      ;
; -0.002 ; baud_output[9]~reg0  ; baud_output[3]~reg0  ; clk          ; clk         ; 1.000        ; 0.000      ; 1.034      ;
; -0.002 ; baud_output[9]~reg0  ; baud_output[4]~reg0  ; clk          ; clk         ; 1.000        ; 0.000      ; 1.034      ;
; -0.002 ; baud_output[9]~reg0  ; baud_output[5]~reg0  ; clk          ; clk         ; 1.000        ; 0.000      ; 1.034      ;
; -0.002 ; baud_output[9]~reg0  ; baud_output[6]~reg0  ; clk          ; clk         ; 1.000        ; 0.000      ; 1.034      ;
; -0.002 ; baud_output[9]~reg0  ; baud_output[7]~reg0  ; clk          ; clk         ; 1.000        ; 0.000      ; 1.034      ;
; -0.002 ; baud_output[9]~reg0  ; baud_output[8]~reg0  ; clk          ; clk         ; 1.000        ; 0.000      ; 1.034      ;
; -0.002 ; baud_output[9]~reg0  ; baud_output[9]~reg0  ; clk          ; clk         ; 1.000        ; 0.000      ; 1.034      ;
; -0.002 ; baud_output[9]~reg0  ; baud_output[10]~reg0 ; clk          ; clk         ; 1.000        ; 0.000      ; 1.034      ;
; -0.002 ; baud_output[9]~reg0  ; baud_output[0]~reg0  ; clk          ; clk         ; 1.000        ; 0.000      ; 1.034      ;
; 0.004  ; baud_output[3]~reg0  ; baud_output[1]~reg0  ; clk          ; clk         ; 1.000        ; 0.000      ; 1.028      ;
; 0.004  ; baud_output[3]~reg0  ; baud_output[2]~reg0  ; clk          ; clk         ; 1.000        ; 0.000      ; 1.028      ;
; 0.004  ; baud_output[3]~reg0  ; baud_output[3]~reg0  ; clk          ; clk         ; 1.000        ; 0.000      ; 1.028      ;
; 0.004  ; baud_output[3]~reg0  ; baud_output[4]~reg0  ; clk          ; clk         ; 1.000        ; 0.000      ; 1.028      ;
; 0.004  ; baud_output[3]~reg0  ; baud_output[5]~reg0  ; clk          ; clk         ; 1.000        ; 0.000      ; 1.028      ;
; 0.004  ; baud_output[3]~reg0  ; baud_output[6]~reg0  ; clk          ; clk         ; 1.000        ; 0.000      ; 1.028      ;
; 0.004  ; baud_output[3]~reg0  ; baud_output[7]~reg0  ; clk          ; clk         ; 1.000        ; 0.000      ; 1.028      ;
; 0.004  ; baud_output[3]~reg0  ; baud_output[8]~reg0  ; clk          ; clk         ; 1.000        ; 0.000      ; 1.028      ;
; 0.004  ; baud_output[3]~reg0  ; baud_output[9]~reg0  ; clk          ; clk         ; 1.000        ; 0.000      ; 1.028      ;
; 0.004  ; baud_output[3]~reg0  ; baud_output[10]~reg0 ; clk          ; clk         ; 1.000        ; 0.000      ; 1.028      ;
; 0.004  ; baud_output[3]~reg0  ; baud_output[0]~reg0  ; clk          ; clk         ; 1.000        ; 0.000      ; 1.028      ;
; 0.034  ; baud_output[2]~reg0  ; baud_output[1]~reg0  ; clk          ; clk         ; 1.000        ; 0.000      ; 0.998      ;
; 0.034  ; baud_output[2]~reg0  ; baud_output[2]~reg0  ; clk          ; clk         ; 1.000        ; 0.000      ; 0.998      ;
; 0.034  ; baud_output[2]~reg0  ; baud_output[3]~reg0  ; clk          ; clk         ; 1.000        ; 0.000      ; 0.998      ;
; 0.034  ; baud_output[2]~reg0  ; baud_output[4]~reg0  ; clk          ; clk         ; 1.000        ; 0.000      ; 0.998      ;
; 0.034  ; baud_output[2]~reg0  ; baud_output[5]~reg0  ; clk          ; clk         ; 1.000        ; 0.000      ; 0.998      ;
; 0.034  ; baud_output[2]~reg0  ; baud_output[6]~reg0  ; clk          ; clk         ; 1.000        ; 0.000      ; 0.998      ;
; 0.034  ; baud_output[2]~reg0  ; baud_output[7]~reg0  ; clk          ; clk         ; 1.000        ; 0.000      ; 0.998      ;
; 0.034  ; baud_output[2]~reg0  ; baud_output[8]~reg0  ; clk          ; clk         ; 1.000        ; 0.000      ; 0.998      ;
; 0.034  ; baud_output[2]~reg0  ; baud_output[9]~reg0  ; clk          ; clk         ; 1.000        ; 0.000      ; 0.998      ;
; 0.034  ; baud_output[2]~reg0  ; baud_output[10]~reg0 ; clk          ; clk         ; 1.000        ; 0.000      ; 0.998      ;
; 0.034  ; baud_output[2]~reg0  ; baud_output[0]~reg0  ; clk          ; clk         ; 1.000        ; 0.000      ; 0.998      ;
; 0.048  ; baud_output[4]~reg0  ; baud_output[1]~reg0  ; clk          ; clk         ; 1.000        ; 0.000      ; 0.984      ;
+--------+----------------------+----------------------+--------------+-------------+--------------+------------+------------+


+---------------------------------------------------------------------------------------------------------------------------+
; Fast Model Hold: 'clk'                                                                                                    ;
+-------+----------------------+----------------------+--------------+-------------+--------------+------------+------------+
; Slack ; From Node            ; To Node              ; Launch Clock ; Latch Clock ; Relationship ; Clock Skew ; Data Delay ;
+-------+----------------------+----------------------+--------------+-------------+--------------+------------+------------+
; 0.247 ; baud_output[10]~reg0 ; baud_output[10]~reg0 ; clk          ; clk         ; 0.000        ; 0.000      ; 0.399      ;
; 0.364 ; baud_output[9]~reg0  ; baud_output[9]~reg0  ; clk          ; clk         ; 0.000        ; 0.000      ; 0.516      ;
; 0.366 ; baud_output[5]~reg0  ; baud_output[5]~reg0  ; clk          ; clk         ; 0.000        ; 0.000      ; 0.518      ;
; 0.366 ; baud_output[7]~reg0  ; baud_output[7]~reg0  ; clk          ; clk         ; 0.000        ; 0.000      ; 0.518      ;
; 0.367 ; baud_output[0]~reg0  ; baud_output[0]~reg0  ; clk          ; clk         ; 0.000        ; 0.000      ; 0.519      ;
; 0.368 ; baud_output[3]~reg0  ; baud_output[3]~reg0  ; clk          ; clk         ; 0.000        ; 0.000      ; 0.520      ;
; 0.378 ; baud_output[1]~reg0  ; baud_output[1]~reg0  ; clk          ; clk         ; 0.000        ; 0.000      ; 0.530      ;
; 0.378 ; baud_output[2]~reg0  ; baud_output[2]~reg0  ; clk          ; clk         ; 0.000        ; 0.000      ; 0.530      ;
; 0.379 ; baud_output[4]~reg0  ; baud_output[4]~reg0  ; clk          ; clk         ; 0.000        ; 0.000      ; 0.531      ;
; 0.379 ; baud_output[6]~reg0  ; baud_output[6]~reg0  ; clk          ; clk         ; 0.000        ; 0.000      ; 0.531      ;
; 0.380 ; baud_output[8]~reg0  ; baud_output[8]~reg0  ; clk          ; clk         ; 0.000        ; 0.000      ; 0.532      ;
; 0.502 ; baud_output[9]~reg0  ; baud_output[10]~reg0 ; clk          ; clk         ; 0.000        ; 0.000      ; 0.654      ;
; 0.504 ; baud_output[5]~reg0  ; baud_output[6]~reg0  ; clk          ; clk         ; 0.000        ; 0.000      ; 0.656      ;
; 0.504 ; baud_output[7]~reg0  ; baud_output[8]~reg0  ; clk          ; clk         ; 0.000        ; 0.000      ; 0.656      ;
; 0.505 ; baud_output[0]~reg0  ; baud_output[1]~reg0  ; clk          ; clk         ; 0.000        ; 0.000      ; 0.657      ;
; 0.518 ; baud_output[2]~reg0  ; baud_output[3]~reg0  ; clk          ; clk         ; 0.000        ; 0.000      ; 0.670      ;
; 0.518 ; baud_output[1]~reg0  ; baud_output[2]~reg0  ; clk          ; clk         ; 0.000        ; 0.000      ; 0.670      ;
; 0.519 ; baud_output[4]~reg0  ; baud_output[5]~reg0  ; clk          ; clk         ; 0.000        ; 0.000      ; 0.671      ;
; 0.519 ; baud_output[6]~reg0  ; baud_output[7]~reg0  ; clk          ; clk         ; 0.000        ; 0.000      ; 0.671      ;
; 0.520 ; baud_output[8]~reg0  ; baud_output[9]~reg0  ; clk          ; clk         ; 0.000        ; 0.000      ; 0.672      ;
; 0.539 ; baud_output[5]~reg0  ; baud_output[7]~reg0  ; clk          ; clk         ; 0.000        ; 0.000      ; 0.691      ;
; 0.539 ; baud_output[7]~reg0  ; baud_output[9]~reg0  ; clk          ; clk         ; 0.000        ; 0.000      ; 0.691      ;
; 0.540 ; baud_output[0]~reg0  ; baud_output[2]~reg0  ; clk          ; clk         ; 0.000        ; 0.000      ; 0.692      ;
; 0.553 ; baud_output[1]~reg0  ; baud_output[3]~reg0  ; clk          ; clk         ; 0.000        ; 0.000      ; 0.705      ;
; 0.554 ; baud_output[4]~reg0  ; baud_output[6]~reg0  ; clk          ; clk         ; 0.000        ; 0.000      ; 0.706      ;
; 0.554 ; baud_output[6]~reg0  ; baud_output[8]~reg0  ; clk          ; clk         ; 0.000        ; 0.000      ; 0.706      ;
; 0.555 ; baud_output[8]~reg0  ; baud_output[10]~reg0 ; clk          ; clk         ; 0.000        ; 0.000      ; 0.707      ;
; 0.561 ; baud_output[3]~reg0  ; baud_output[4]~reg0  ; clk          ; clk         ; 0.000        ; 0.000      ; 0.713      ;
; 0.574 ; baud_output[5]~reg0  ; baud_output[8]~reg0  ; clk          ; clk         ; 0.000        ; 0.000      ; 0.726      ;
; 0.574 ; baud_output[7]~reg0  ; baud_output[10]~reg0 ; clk          ; clk         ; 0.000        ; 0.000      ; 0.726      ;
; 0.575 ; baud_output[0]~reg0  ; baud_output[3]~reg0  ; clk          ; clk         ; 0.000        ; 0.000      ; 0.727      ;
; 0.589 ; baud_output[4]~reg0  ; baud_output[7]~reg0  ; clk          ; clk         ; 0.000        ; 0.000      ; 0.741      ;
; 0.589 ; baud_output[6]~reg0  ; baud_output[9]~reg0  ; clk          ; clk         ; 0.000        ; 0.000      ; 0.741      ;
; 0.596 ; baud_output[3]~reg0  ; baud_output[5]~reg0  ; clk          ; clk         ; 0.000        ; 0.000      ; 0.748      ;
; 0.609 ; baud_output[5]~reg0  ; baud_output[9]~reg0  ; clk          ; clk         ; 0.000        ; 0.000      ; 0.761      ;
; 0.612 ; baud_output[2]~reg0  ; baud_output[4]~reg0  ; clk          ; clk         ; 0.000        ; 0.000      ; 0.764      ;
; 0.624 ; baud_output[4]~reg0  ; baud_output[8]~reg0  ; clk          ; clk         ; 0.000        ; 0.000      ; 0.776      ;
; 0.624 ; baud_output[6]~reg0  ; baud_output[10]~reg0 ; clk          ; clk         ; 0.000        ; 0.000      ; 0.776      ;
; 0.631 ; baud_output[3]~reg0  ; baud_output[6]~reg0  ; clk          ; clk         ; 0.000        ; 0.000      ; 0.783      ;
; 0.644 ; baud_output[5]~reg0  ; baud_output[10]~reg0 ; clk          ; clk         ; 0.000        ; 0.000      ; 0.796      ;
; 0.647 ; baud_output[2]~reg0  ; baud_output[5]~reg0  ; clk          ; clk         ; 0.000        ; 0.000      ; 0.799      ;
; 0.647 ; baud_output[1]~reg0  ; baud_output[4]~reg0  ; clk          ; clk         ; 0.000        ; 0.000      ; 0.799      ;
; 0.659 ; baud_output[4]~reg0  ; baud_output[9]~reg0  ; clk          ; clk         ; 0.000        ; 0.000      ; 0.811      ;
; 0.666 ; baud_output[3]~reg0  ; baud_output[7]~reg0  ; clk          ; clk         ; 0.000        ; 0.000      ; 0.818      ;
; 0.669 ; baud_output[0]~reg0  ; baud_output[4]~reg0  ; clk          ; clk         ; 0.000        ; 0.000      ; 0.821      ;
; 0.682 ; baud_output[2]~reg0  ; baud_output[6]~reg0  ; clk          ; clk         ; 0.000        ; 0.000      ; 0.834      ;
; 0.682 ; baud_output[1]~reg0  ; baud_output[5]~reg0  ; clk          ; clk         ; 0.000        ; 0.000      ; 0.834      ;
; 0.694 ; baud_output[4]~reg0  ; baud_output[10]~reg0 ; clk          ; clk         ; 0.000        ; 0.000      ; 0.846      ;
; 0.701 ; baud_output[3]~reg0  ; baud_output[8]~reg0  ; clk          ; clk         ; 0.000        ; 0.000      ; 0.853      ;
; 0.704 ; baud_output[0]~reg0  ; baud_output[5]~reg0  ; clk          ; clk         ; 0.000        ; 0.000      ; 0.856      ;
; 0.717 ; baud_output[2]~reg0  ; baud_output[7]~reg0  ; clk          ; clk         ; 0.000        ; 0.000      ; 0.869      ;
; 0.717 ; baud_output[1]~reg0  ; baud_output[6]~reg0  ; clk          ; clk         ; 0.000        ; 0.000      ; 0.869      ;
; 0.736 ; baud_output[3]~reg0  ; baud_output[9]~reg0  ; clk          ; clk         ; 0.000        ; 0.000      ; 0.888      ;
; 0.739 ; baud_output[0]~reg0  ; baud_output[6]~reg0  ; clk          ; clk         ; 0.000        ; 0.000      ; 0.891      ;
; 0.752 ; baud_output[2]~reg0  ; baud_output[8]~reg0  ; clk          ; clk         ; 0.000        ; 0.000      ; 0.904      ;
; 0.752 ; baud_output[1]~reg0  ; baud_output[7]~reg0  ; clk          ; clk         ; 0.000        ; 0.000      ; 0.904      ;
; 0.771 ; baud_output[3]~reg0  ; baud_output[10]~reg0 ; clk          ; clk         ; 0.000        ; 0.000      ; 0.923      ;
; 0.774 ; baud_output[0]~reg0  ; baud_output[7]~reg0  ; clk          ; clk         ; 0.000        ; 0.000      ; 0.926      ;
; 0.779 ; baud_output[5]~reg0  ; baud_output[1]~reg0  ; clk          ; clk         ; 0.000        ; 0.000      ; 0.931      ;
; 0.779 ; baud_output[5]~reg0  ; baud_output[2]~reg0  ; clk          ; clk         ; 0.000        ; 0.000      ; 0.931      ;
; 0.779 ; baud_output[5]~reg0  ; baud_output[3]~reg0  ; clk          ; clk         ; 0.000        ; 0.000      ; 0.931      ;
; 0.779 ; baud_output[5]~reg0  ; baud_output[4]~reg0  ; clk          ; clk         ; 0.000        ; 0.000      ; 0.931      ;
; 0.779 ; baud_output[5]~reg0  ; baud_output[0]~reg0  ; clk          ; clk         ; 0.000        ; 0.000      ; 0.931      ;
; 0.787 ; baud_output[2]~reg0  ; baud_output[9]~reg0  ; clk          ; clk         ; 0.000        ; 0.000      ; 0.939      ;
; 0.787 ; baud_output[1]~reg0  ; baud_output[8]~reg0  ; clk          ; clk         ; 0.000        ; 0.000      ; 0.939      ;
; 0.809 ; baud_output[0]~reg0  ; baud_output[8]~reg0  ; clk          ; clk         ; 0.000        ; 0.000      ; 0.961      ;
; 0.822 ; baud_output[2]~reg0  ; baud_output[10]~reg0 ; clk          ; clk         ; 0.000        ; 0.000      ; 0.974      ;
; 0.822 ; baud_output[1]~reg0  ; baud_output[9]~reg0  ; clk          ; clk         ; 0.000        ; 0.000      ; 0.974      ;
; 0.832 ; baud_output[4]~reg0  ; baud_output[1]~reg0  ; clk          ; clk         ; 0.000        ; 0.000      ; 0.984      ;
; 0.832 ; baud_output[4]~reg0  ; baud_output[2]~reg0  ; clk          ; clk         ; 0.000        ; 0.000      ; 0.984      ;
; 0.832 ; baud_output[4]~reg0  ; baud_output[3]~reg0  ; clk          ; clk         ; 0.000        ; 0.000      ; 0.984      ;
; 0.832 ; baud_output[4]~reg0  ; baud_output[0]~reg0  ; clk          ; clk         ; 0.000        ; 0.000      ; 0.984      ;
; 0.844 ; baud_output[0]~reg0  ; baud_output[9]~reg0  ; clk          ; clk         ; 0.000        ; 0.000      ; 0.996      ;
; 0.846 ; baud_output[2]~reg0  ; baud_output[1]~reg0  ; clk          ; clk         ; 0.000        ; 0.000      ; 0.998      ;
; 0.846 ; baud_output[2]~reg0  ; baud_output[0]~reg0  ; clk          ; clk         ; 0.000        ; 0.000      ; 0.998      ;
; 0.857 ; baud_output[1]~reg0  ; baud_output[10]~reg0 ; clk          ; clk         ; 0.000        ; 0.000      ; 1.009      ;
; 0.876 ; baud_output[3]~reg0  ; baud_output[1]~reg0  ; clk          ; clk         ; 0.000        ; 0.000      ; 1.028      ;
; 0.876 ; baud_output[3]~reg0  ; baud_output[2]~reg0  ; clk          ; clk         ; 0.000        ; 0.000      ; 1.028      ;
; 0.876 ; baud_output[3]~reg0  ; baud_output[0]~reg0  ; clk          ; clk         ; 0.000        ; 0.000      ; 1.028      ;
; 0.879 ; baud_output[0]~reg0  ; baud_output[10]~reg0 ; clk          ; clk         ; 0.000        ; 0.000      ; 1.031      ;
; 0.882 ; baud_output[9]~reg0  ; baud_output[1]~reg0  ; clk          ; clk         ; 0.000        ; 0.000      ; 1.034      ;
; 0.882 ; baud_output[9]~reg0  ; baud_output[2]~reg0  ; clk          ; clk         ; 0.000        ; 0.000      ; 1.034      ;
; 0.882 ; baud_output[9]~reg0  ; baud_output[3]~reg0  ; clk          ; clk         ; 0.000        ; 0.000      ; 1.034      ;
; 0.882 ; baud_output[9]~reg0  ; baud_output[4]~reg0  ; clk          ; clk         ; 0.000        ; 0.000      ; 1.034      ;
; 0.882 ; baud_output[9]~reg0  ; baud_output[5]~reg0  ; clk          ; clk         ; 0.000        ; 0.000      ; 1.034      ;
; 0.882 ; baud_output[9]~reg0  ; baud_output[6]~reg0  ; clk          ; clk         ; 0.000        ; 0.000      ; 1.034      ;
; 0.882 ; baud_output[9]~reg0  ; baud_output[7]~reg0  ; clk          ; clk         ; 0.000        ; 0.000      ; 1.034      ;
; 0.882 ; baud_output[9]~reg0  ; baud_output[8]~reg0  ; clk          ; clk         ; 0.000        ; 0.000      ; 1.034      ;
; 0.882 ; baud_output[9]~reg0  ; baud_output[0]~reg0  ; clk          ; clk         ; 0.000        ; 0.000      ; 1.034      ;
; 0.896 ; baud_output[7]~reg0  ; baud_output[1]~reg0  ; clk          ; clk         ; 0.000        ; 0.000      ; 1.048      ;
; 0.896 ; baud_output[7]~reg0  ; baud_output[2]~reg0  ; clk          ; clk         ; 0.000        ; 0.000      ; 1.048      ;
; 0.896 ; baud_output[7]~reg0  ; baud_output[3]~reg0  ; clk          ; clk         ; 0.000        ; 0.000      ; 1.048      ;
; 0.896 ; baud_output[7]~reg0  ; baud_output[4]~reg0  ; clk          ; clk         ; 0.000        ; 0.000      ; 1.048      ;
; 0.896 ; baud_output[7]~reg0  ; baud_output[5]~reg0  ; clk          ; clk         ; 0.000        ; 0.000      ; 1.048      ;
; 0.896 ; baud_output[7]~reg0  ; baud_output[6]~reg0  ; clk          ; clk         ; 0.000        ; 0.000      ; 1.048      ;
; 0.896 ; baud_output[7]~reg0  ; baud_output[0]~reg0  ; clk          ; clk         ; 0.000        ; 0.000      ; 1.048      ;
; 0.911 ; baud_output[6]~reg0  ; baud_output[1]~reg0  ; clk          ; clk         ; 0.000        ; 0.000      ; 1.063      ;
; 0.911 ; baud_output[6]~reg0  ; baud_output[2]~reg0  ; clk          ; clk         ; 0.000        ; 0.000      ; 1.063      ;
; 0.911 ; baud_output[6]~reg0  ; baud_output[3]~reg0  ; clk          ; clk         ; 0.000        ; 0.000      ; 1.063      ;
; 0.911 ; baud_output[6]~reg0  ; baud_output[4]~reg0  ; clk          ; clk         ; 0.000        ; 0.000      ; 1.063      ;
+-------+----------------------+----------------------+--------------+-------------+--------------+------------+------------+


+-----------------------------------------------------------------------------------------------------------+
; Fast Model Minimum Pulse Width: 'clk'                                                                     ;
+--------+--------------+----------------+------------------+-------+------------+--------------------------+
; Slack  ; Actual Width ; Required Width ; Type             ; Clock ; Clock Edge ; Target                   ;
+--------+--------------+----------------+------------------+-------+------------+--------------------------+
; -1.380 ; 1.000        ; 2.380          ; Port Rate        ; clk   ; Rise       ; clk                      ;
; -0.500 ; 0.500        ; 1.000          ; High Pulse Width ; clk   ; Rise       ; baud_output[0]~reg0      ;
; -0.500 ; 0.500        ; 1.000          ; Low Pulse Width  ; clk   ; Rise       ; baud_output[0]~reg0      ;
; -0.500 ; 0.500        ; 1.000          ; High Pulse Width ; clk   ; Rise       ; baud_output[10]~reg0     ;
; -0.500 ; 0.500        ; 1.000          ; Low Pulse Width  ; clk   ; Rise       ; baud_output[10]~reg0     ;
; -0.500 ; 0.500        ; 1.000          ; High Pulse Width ; clk   ; Rise       ; baud_output[1]~reg0      ;
; -0.500 ; 0.500        ; 1.000          ; Low Pulse Width  ; clk   ; Rise       ; baud_output[1]~reg0      ;
; -0.500 ; 0.500        ; 1.000          ; High Pulse Width ; clk   ; Rise       ; baud_output[2]~reg0      ;
; -0.500 ; 0.500        ; 1.000          ; Low Pulse Width  ; clk   ; Rise       ; baud_output[2]~reg0      ;
; -0.500 ; 0.500        ; 1.000          ; High Pulse Width ; clk   ; Rise       ; baud_output[3]~reg0      ;
; -0.500 ; 0.500        ; 1.000          ; Low Pulse Width  ; clk   ; Rise       ; baud_output[3]~reg0      ;
; -0.500 ; 0.500        ; 1.000          ; High Pulse Width ; clk   ; Rise       ; baud_output[4]~reg0      ;
; -0.500 ; 0.500        ; 1.000          ; Low Pulse Width  ; clk   ; Rise       ; baud_output[4]~reg0      ;
; -0.500 ; 0.500        ; 1.000          ; High Pulse Width ; clk   ; Rise       ; baud_output[5]~reg0      ;
; -0.500 ; 0.500        ; 1.000          ; Low Pulse Width  ; clk   ; Rise       ; baud_output[5]~reg0      ;
; -0.500 ; 0.500        ; 1.000          ; High Pulse Width ; clk   ; Rise       ; baud_output[6]~reg0      ;
; -0.500 ; 0.500        ; 1.000          ; Low Pulse Width  ; clk   ; Rise       ; baud_output[6]~reg0      ;
; -0.500 ; 0.500        ; 1.000          ; High Pulse Width ; clk   ; Rise       ; baud_output[7]~reg0      ;
; -0.500 ; 0.500        ; 1.000          ; Low Pulse Width  ; clk   ; Rise       ; baud_output[7]~reg0      ;
; -0.500 ; 0.500        ; 1.000          ; High Pulse Width ; clk   ; Rise       ; baud_output[8]~reg0      ;
; -0.500 ; 0.500        ; 1.000          ; Low Pulse Width  ; clk   ; Rise       ; baud_output[8]~reg0      ;
; -0.500 ; 0.500        ; 1.000          ; High Pulse Width ; clk   ; Rise       ; baud_output[9]~reg0      ;
; -0.500 ; 0.500        ; 1.000          ; Low Pulse Width  ; clk   ; Rise       ; baud_output[9]~reg0      ;
; 0.500  ; 0.500        ; 0.000          ; High Pulse Width ; clk   ; Rise       ; baud_output[0]~reg0|clk  ;
; 0.500  ; 0.500        ; 0.000          ; Low Pulse Width  ; clk   ; Rise       ; baud_output[0]~reg0|clk  ;
; 0.500  ; 0.500        ; 0.000          ; High Pulse Width ; clk   ; Rise       ; baud_output[10]~reg0|clk ;
; 0.500  ; 0.500        ; 0.000          ; Low Pulse Width  ; clk   ; Rise       ; baud_output[10]~reg0|clk ;
; 0.500  ; 0.500        ; 0.000          ; High Pulse Width ; clk   ; Rise       ; baud_output[1]~reg0|clk  ;
; 0.500  ; 0.500        ; 0.000          ; Low Pulse Width  ; clk   ; Rise       ; baud_output[1]~reg0|clk  ;
; 0.500  ; 0.500        ; 0.000          ; High Pulse Width ; clk   ; Rise       ; baud_output[2]~reg0|clk  ;
; 0.500  ; 0.500        ; 0.000          ; Low Pulse Width  ; clk   ; Rise       ; baud_output[2]~reg0|clk  ;
; 0.500  ; 0.500        ; 0.000          ; High Pulse Width ; clk   ; Rise       ; baud_output[3]~reg0|clk  ;
; 0.500  ; 0.500        ; 0.000          ; Low Pulse Width  ; clk   ; Rise       ; baud_output[3]~reg0|clk  ;
; 0.500  ; 0.500        ; 0.000          ; High Pulse Width ; clk   ; Rise       ; baud_output[4]~reg0|clk  ;
; 0.500  ; 0.500        ; 0.000          ; Low Pulse Width  ; clk   ; Rise       ; baud_output[4]~reg0|clk  ;
; 0.500  ; 0.500        ; 0.000          ; High Pulse Width ; clk   ; Rise       ; baud_output[5]~reg0|clk  ;
; 0.500  ; 0.500        ; 0.000          ; Low Pulse Width  ; clk   ; Rise       ; baud_output[5]~reg0|clk  ;
; 0.500  ; 0.500        ; 0.000          ; High Pulse Width ; clk   ; Rise       ; baud_output[6]~reg0|clk  ;
; 0.500  ; 0.500        ; 0.000          ; Low Pulse Width  ; clk   ; Rise       ; baud_output[6]~reg0|clk  ;
; 0.500  ; 0.500        ; 0.000          ; High Pulse Width ; clk   ; Rise       ; baud_output[7]~reg0|clk  ;
; 0.500  ; 0.500        ; 0.000          ; Low Pulse Width  ; clk   ; Rise       ; baud_output[7]~reg0|clk  ;
; 0.500  ; 0.500        ; 0.000          ; High Pulse Width ; clk   ; Rise       ; baud_output[8]~reg0|clk  ;
; 0.500  ; 0.500        ; 0.000          ; Low Pulse Width  ; clk   ; Rise       ; baud_output[8]~reg0|clk  ;
; 0.500  ; 0.500        ; 0.000          ; High Pulse Width ; clk   ; Rise       ; baud_output[9]~reg0|clk  ;
; 0.500  ; 0.500        ; 0.000          ; Low Pulse Width  ; clk   ; Rise       ; baud_output[9]~reg0|clk  ;
; 0.500  ; 0.500        ; 0.000          ; High Pulse Width ; clk   ; Rise       ; clk|combout              ;
; 0.500  ; 0.500        ; 0.000          ; Low Pulse Width  ; clk   ; Rise       ; clk|combout              ;
; 0.500  ; 0.500        ; 0.000          ; High Pulse Width ; clk   ; Rise       ; clk~clkctrl|inclk[0]     ;
; 0.500  ; 0.500        ; 0.000          ; Low Pulse Width  ; clk   ; Rise       ; clk~clkctrl|inclk[0]     ;
; 0.500  ; 0.500        ; 0.000          ; High Pulse Width ; clk   ; Rise       ; clk~clkctrl|outclk       ;
; 0.500  ; 0.500        ; 0.000          ; Low Pulse Width  ; clk   ; Rise       ; clk~clkctrl|outclk       ;
+--------+--------------+----------------+------------------+-------+------------+--------------------------+


+-----------------------------------------------------------------------+
; Setup Times                                                           ;
+-----------+------------+-------+-------+------------+-----------------+
; Data Port ; Clock Port ; Rise  ; Fall  ; Clock Edge ; Clock Reference ;
+-----------+------------+-------+-------+------------+-----------------+
; reset     ; clk        ; 0.048 ; 0.048 ; Rise       ; clk             ;
+-----------+------------+-------+-------+------------+-----------------+


+-----------------------------------------------------------------------+
; Hold Times                                                            ;
+-----------+------------+-------+-------+------------+-----------------+
; Data Port ; Clock Port ; Rise  ; Fall  ; Clock Edge ; Clock Reference ;
+-----------+------------+-------+-------+------------+-----------------+
; reset     ; clk        ; 0.072 ; 0.072 ; Rise       ; clk             ;
+-----------+------------+-------+-------+------------+-----------------+


+------------------------------------------------------------------------------+
; Clock to Output Times                                                        ;
+------------------+------------+-------+-------+------------+-----------------+
; Data Port        ; Clock Port ; Rise  ; Fall  ; Clock Edge ; Clock Reference ;
+------------------+------------+-------+-------+------------+-----------------+
; baud_output[*]   ; clk        ; 3.756 ; 3.756 ; Rise       ; clk             ;
;  baud_output[0]  ; clk        ; 3.713 ; 3.713 ; Rise       ; clk             ;
;  baud_output[1]  ; clk        ; 3.626 ; 3.626 ; Rise       ; clk             ;
;  baud_output[2]  ; clk        ; 3.626 ; 3.626 ; Rise       ; clk             ;
;  baud_output[3]  ; clk        ; 3.745 ; 3.745 ; Rise       ; clk             ;
;  baud_output[4]  ; clk        ; 3.756 ; 3.756 ; Rise       ; clk             ;
;  baud_output[5]  ; clk        ; 3.703 ; 3.703 ; Rise       ; clk             ;
;  baud_output[6]  ; clk        ; 3.626 ; 3.626 ; Rise       ; clk             ;
;  baud_output[7]  ; clk        ; 3.722 ; 3.722 ; Rise       ; clk             ;
;  baud_output[8]  ; clk        ; 3.648 ; 3.648 ; Rise       ; clk             ;
;  baud_output[9]  ; clk        ; 3.719 ; 3.719 ; Rise       ; clk             ;
;  baud_output[10] ; clk        ; 3.636 ; 3.636 ; Rise       ; clk             ;
+------------------+------------+-------+-------+------------+-----------------+


+------------------------------------------------------------------------------+
; Minimum Clock to Output Times                                                ;
+------------------+------------+-------+-------+------------+-----------------+
; Data Port        ; Clock Port ; Rise  ; Fall  ; Clock Edge ; Clock Reference ;
+------------------+------------+-------+-------+------------+-----------------+
; baud_output[*]   ; clk        ; 3.626 ; 3.626 ; Rise       ; clk             ;
;  baud_output[0]  ; clk        ; 3.713 ; 3.713 ; Rise       ; clk             ;
;  baud_output[1]  ; clk        ; 3.626 ; 3.626 ; Rise       ; clk             ;
;  baud_output[2]  ; clk        ; 3.626 ; 3.626 ; Rise       ; clk             ;
;  baud_output[3]  ; clk        ; 3.745 ; 3.745 ; Rise       ; clk             ;
;  baud_output[4]  ; clk        ; 3.756 ; 3.756 ; Rise       ; clk             ;
;  baud_output[5]  ; clk        ; 3.703 ; 3.703 ; Rise       ; clk             ;
;  baud_output[6]  ; clk        ; 3.626 ; 3.626 ; Rise       ; clk             ;
;  baud_output[7]  ; clk        ; 3.722 ; 3.722 ; Rise       ; clk             ;
;  baud_output[8]  ; clk        ; 3.648 ; 3.648 ; Rise       ; clk             ;
;  baud_output[9]  ; clk        ; 3.719 ; 3.719 ; Rise       ; clk             ;
;  baud_output[10] ; clk        ; 3.636 ; 3.636 ; Rise       ; clk             ;
+------------------+------------+-------+-------+------------+-----------------+


+-------------------------------------------------------------------------------+
; Multicorner Timing Analysis Summary                                           ;
+------------------+---------+-------+----------+---------+---------------------+
; Clock            ; Setup   ; Hold  ; Recovery ; Removal ; Minimum Pulse Width ;
+------------------+---------+-------+----------+---------+---------------------+
; Worst-case Slack ; -1.371  ; 0.247 ; N/A      ; N/A     ; -1.380              ;
;  clk             ; -1.371  ; 0.247 ; N/A      ; N/A     ; -1.380              ;
; Design-wide TNS  ; -15.081 ; 0.0   ; 0.0      ; 0.0     ; -12.38              ;
;  clk             ; -15.081 ; 0.000 ; N/A      ; N/A     ; -12.380             ;
+------------------+---------+-------+----------+---------+---------------------+


+-----------------------------------------------------------------------+
; Setup Times                                                           ;
+-----------+------------+-------+-------+------------+-----------------+
; Data Port ; Clock Port ; Rise  ; Fall  ; Clock Edge ; Clock Reference ;
+-----------+------------+-------+-------+------------+-----------------+
; reset     ; clk        ; 0.782 ; 0.782 ; Rise       ; clk             ;
+-----------+------------+-------+-------+------------+-----------------+


+-----------------------------------------------------------------------+
; Hold Times                                                            ;
+-----------+------------+-------+-------+------------+-----------------+
; Data Port ; Clock Port ; Rise  ; Fall  ; Clock Edge ; Clock Reference ;
+-----------+------------+-------+-------+------------+-----------------+
; reset     ; clk        ; 0.072 ; 0.072 ; Rise       ; clk             ;
+-----------+------------+-------+-------+------------+-----------------+


+------------------------------------------------------------------------------+
; Clock to Output Times                                                        ;
+------------------+------------+-------+-------+------------+-----------------+
; Data Port        ; Clock Port ; Rise  ; Fall  ; Clock Edge ; Clock Reference ;
+------------------+------------+-------+-------+------------+-----------------+
; baud_output[*]   ; clk        ; 6.603 ; 6.603 ; Rise       ; clk             ;
;  baud_output[0]  ; clk        ; 6.553 ; 6.553 ; Rise       ; clk             ;
;  baud_output[1]  ; clk        ; 6.345 ; 6.345 ; Rise       ; clk             ;
;  baud_output[2]  ; clk        ; 6.345 ; 6.345 ; Rise       ; clk             ;
;  baud_output[3]  ; clk        ; 6.599 ; 6.599 ; Rise       ; clk             ;
;  baud_output[4]  ; clk        ; 6.603 ; 6.603 ; Rise       ; clk             ;
;  baud_output[5]  ; clk        ; 6.542 ; 6.542 ; Rise       ; clk             ;
;  baud_output[6]  ; clk        ; 6.345 ; 6.345 ; Rise       ; clk             ;
;  baud_output[7]  ; clk        ; 6.562 ; 6.562 ; Rise       ; clk             ;
;  baud_output[8]  ; clk        ; 6.368 ; 6.368 ; Rise       ; clk             ;
;  baud_output[9]  ; clk        ; 6.558 ; 6.558 ; Rise       ; clk             ;
;  baud_output[10] ; clk        ; 6.355 ; 6.355 ; Rise       ; clk             ;
+------------------+------------+-------+-------+------------+-----------------+


+------------------------------------------------------------------------------+
; Minimum Clock to Output Times                                                ;
+------------------+------------+-------+-------+------------+-----------------+
; Data Port        ; Clock Port ; Rise  ; Fall  ; Clock Edge ; Clock Reference ;
+------------------+------------+-------+-------+------------+-----------------+
; baud_output[*]   ; clk        ; 3.626 ; 3.626 ; Rise       ; clk             ;
;  baud_output[0]  ; clk        ; 3.713 ; 3.713 ; Rise       ; clk             ;
;  baud_output[1]  ; clk        ; 3.626 ; 3.626 ; Rise       ; clk             ;
;  baud_output[2]  ; clk        ; 3.626 ; 3.626 ; Rise       ; clk             ;
;  baud_output[3]  ; clk        ; 3.745 ; 3.745 ; Rise       ; clk             ;
;  baud_output[4]  ; clk        ; 3.756 ; 3.756 ; Rise       ; clk             ;
;  baud_output[5]  ; clk        ; 3.703 ; 3.703 ; Rise       ; clk             ;
;  baud_output[6]  ; clk        ; 3.626 ; 3.626 ; Rise       ; clk             ;
;  baud_output[7]  ; clk        ; 3.722 ; 3.722 ; Rise       ; clk             ;
;  baud_output[8]  ; clk        ; 3.648 ; 3.648 ; Rise       ; clk             ;
;  baud_output[9]  ; clk        ; 3.719 ; 3.719 ; Rise       ; clk             ;
;  baud_output[10] ; clk        ; 3.636 ; 3.636 ; Rise       ; clk             ;
+------------------+------------+-------+-------+------------+-----------------+


+-------------------------------------------------------------------+
; Setup Transfers                                                   ;
+------------+----------+----------+----------+----------+----------+
; From Clock ; To Clock ; RR Paths ; FR Paths ; RF Paths ; FF Paths ;
+------------+----------+----------+----------+----------+----------+
; clk        ; clk      ; 187      ; 0        ; 0        ; 0        ;
+------------+----------+----------+----------+----------+----------+
Entries labeled "false path" only account for clock-to-clock false paths and not path-based false paths. As a result, actual path counts may be lower than reported.


+-------------------------------------------------------------------+
; Hold Transfers                                                    ;
+------------+----------+----------+----------+----------+----------+
; From Clock ; To Clock ; RR Paths ; FR Paths ; RF Paths ; FF Paths ;
+------------+----------+----------+----------+----------+----------+
; clk        ; clk      ; 187      ; 0        ; 0        ; 0        ;
+------------+----------+----------+----------+----------+----------+
Entries labeled "false path" only account for clock-to-clock false paths and not path-based false paths. As a result, actual path counts may be lower than reported.


---------------
; Report TCCS ;
---------------
No dedicated SERDES Transmitter circuitry present in device or used in design


---------------
; Report RSKM ;
---------------
No dedicated SERDES Receiver circuitry present in device or used in design


+------------------------------------------------+
; Unconstrained Paths                            ;
+---------------------------------+-------+------+
; Property                        ; Setup ; Hold ;
+---------------------------------+-------+------+
; Illegal Clocks                  ; 0     ; 0    ;
; Unconstrained Clocks            ; 0     ; 0    ;
; Unconstrained Input Ports       ; 1     ; 1    ;
; Unconstrained Input Port Paths  ; 11    ; 11   ;
; Unconstrained Output Ports      ; 11    ; 11   ;
; Unconstrained Output Port Paths ; 11    ; 11   ;
+---------------------------------+-------+------+


+------------------------------------+
; TimeQuest Timing Analyzer Messages ;
+------------------------------------+
Info: *******************************************************************
Info: Running Quartus II 64-Bit TimeQuest Timing Analyzer
    Info: Version 13.0.1 Build 232 06/12/2013 Service Pack 1 SJ Web Edition
    Info: Processing started: Fri Nov 17 22:38:31 2023
Info: Command: quartus_sta tx_baud_counter -c tx_baud_counter
Info: qsta_default_script.tcl version: #1
Warning (20028): Parallel compilation is not licensed and has been disabled
Info (21077): Low junction temperature is 0 degrees C
Info (21077): High junction temperature is 85 degrees C
Critical Warning (332012): Synopsys Design Constraints File file not found: 'tx_baud_counter.sdc'. A Synopsys Design Constraints File is required by the TimeQuest Timing Analyzer to get proper timing constraints. Without it, the Compiler will not properly optimize the design.
Info (332142): No user constrained base clocks found in the design. Calling "derive_clocks -period 1.0"
Info (332105): Deriving Clocks
    Info (332105): create_clock -period 1.000 -name clk clk
Info: Found TIMEQUEST_REPORT_SCRIPT_INCLUDE_DEFAULT_ANALYSIS = ON
Info: Analyzing Slow Model
Critical Warning (332148): Timing requirements not met
Info (332146): Worst-case setup slack is -1.371
    Info (332119):     Slack End Point TNS Clock 
    Info (332119): ========= ============= =====================
    Info (332119):    -1.371       -15.081 clk 
Info (332146): Worst-case hold slack is 0.537
    Info (332119):     Slack End Point TNS Clock 
    Info (332119): ========= ============= =====================
    Info (332119):     0.537         0.000 clk 
Info (332140): No Recovery paths to report
Info (332140): No Removal paths to report
Info (332146): Worst-case minimum pulse width slack is -1.380
    Info (332119):     Slack End Point TNS Clock 
    Info (332119): ========= ============= =====================
    Info (332119):    -1.380       -12.380 clk 
Info (332001): The selected device family is not supported by the report_metastability command.
Info: Analyzing Fast Model
Critical Warning (332148): Timing requirements not met
Info (332146): Worst-case setup slack is -0.120
    Info (332119):     Slack End Point TNS Clock 
    Info (332119): ========= ============= =====================
    Info (332119):    -0.120        -1.320 clk 
Info (332146): Worst-case hold slack is 0.247
    Info (332119):     Slack End Point TNS Clock 
    Info (332119): ========= ============= =====================
    Info (332119):     0.247         0.000 clk 
Info (332140): No Recovery paths to report
Info (332140): No Removal paths to report
Info (332146): Worst-case minimum pulse width slack is -1.380
    Info (332119):     Slack End Point TNS Clock 
    Info (332119): ========= ============= =====================
    Info (332119):    -1.380       -12.380 clk 
Info (332001): The selected device family is not supported by the report_metastability command.
Info (332102): Design is not fully constrained for setup requirements
Info (332102): Design is not fully constrained for hold requirements
Info: Quartus II 64-Bit TimeQuest Timing Analyzer was successful. 0 errors, 4 warnings
    Info: Peak virtual memory: 4536 megabytes
    Info: Processing ended: Fri Nov 17 22:38:32 2023
    Info: Elapsed time: 00:00:01
    Info: Total CPU time (on all processors): 00:00:01


